2026-04-03 03:38:23 [INFO] Setting up DCGM monitor group...
2026-04-03 03:38:23 [INFO] [1/35] Split [20, 10, 5, 5] | Batch: 8 | Microbatch: 4 | Microbatches: 2
2026-04-03 03:38:23 [INFO] Loading WikiText... (SEQ_LEN=64, BATCH=8)
2026-04-03 03:38:45 [INFO] [Rank 2] Loading weights...
2026-04-03 03:38:46 [INFO] [Rank 3] Loading weights...
2026-04-03 03:38:56 [INFO] [Rank 1] Loading weights...
2026-04-03 03:38:57 [INFO] [Rank 2] Weights loaded.
2026-04-03 03:38:58 [INFO] [Rank 3] Weights loaded.
2026-04-03 03:39:08 [INFO] [Rank 1] Weights loaded.
2026-04-03 03:39:19 [INFO] [Rank 0] Loading weights...
2026-04-03 03:39:33 [INFO] [Rank 0] Weights loaded.
2026-04-03 03:41:14 [INFO] [Rank 1] Finished. Latency: 101144 ms
2026-04-03 03:41:14 [INFO] [Rank 2] Finished. Latency: 101144 ms
2026-04-03 03:41:14 [INFO] [Rank 0] Finished. Latency: 101144 ms
2026-04-03 03:41:14 [INFO] [Rank 3] Finished. Latency: 101164 ms
2026-04-03 03:41:18 [INFO] Total latency:     101144 ms
2026-04-03 03:41:18 [INFO] Peak 5GB memory:   4568 MB
2026-04-03 03:41:18 [INFO] Avg  5GB memory:   3516 MB
2026-04-03 03:41:18 [INFO] [2/35] Split [20, 10, 5, 5] | Batch: 8 | Microbatch: 2 | Microbatches: 4
2026-04-03 03:41:18 [INFO] Loading WikiText... (SEQ_LEN=64, BATCH=8)
2026-04-03 03:41:38 [INFO] [Rank 2] Loading weights...
2026-04-03 03:41:39 [INFO] [Rank 3] Loading weights...
2026-04-03 03:41:49 [INFO] [Rank 1] Loading weights...
2026-04-03 03:41:50 [INFO] [Rank 2] Weights loaded.
2026-04-03 03:41:51 [INFO] [Rank 3] Weights loaded.
2026-04-03 03:42:02 [INFO] [Rank 1] Weights loaded.
2026-04-03 03:42:13 [INFO] [Rank 0] Loading weights...
2026-04-03 03:42:26 [INFO] [Rank 0] Weights loaded.
2026-04-03 03:45:34 [INFO] [Rank 2] Finished. Latency: 187887 ms
2026-04-03 03:45:34 [INFO] [Rank 1] Finished. Latency: 187887 ms
2026-04-03 03:45:34 [INFO] [Rank 0] Finished. Latency: 187887 ms
2026-04-03 03:45:34 [INFO] [Rank 3] Finished. Latency: 187904 ms
2026-04-03 03:45:38 [INFO] Total latency:     187887 ms
2026-04-03 03:45:38 [INFO] Peak 5GB memory:   4162 MB
2026-04-03 03:45:38 [INFO] Avg  5GB memory:   3561 MB
2026-04-03 03:45:38 [INFO] [3/35] Split [20, 10, 5, 5] | Batch: 16 | Microbatch: 8 | Microbatches: 2
2026-04-03 03:45:38 [INFO] Loading WikiText... (SEQ_LEN=64, BATCH=16)
2026-04-03 03:45:59 [INFO] [Rank 2] Loading weights...
2026-04-03 03:46:00 [INFO] [Rank 3] Loading weights...
2026-04-03 03:46:10 [INFO] [Rank 1] Loading weights...
2026-04-03 03:46:11 [INFO] [Rank 2] Weights loaded.
2026-04-03 03:46:12 [INFO] [Rank 3] Weights loaded.
2026-04-03 03:46:23 [INFO] [Rank 1] Weights loaded.
2026-04-03 03:46:33 [INFO] [Rank 0] Loading weights...
2026-04-03 03:46:47 [INFO] [Rank 0] Weights loaded.
2026-04-03 03:48:43 [INFO] [Rank 2] Finished. Latency: 115702 ms
2026-04-03 03:48:43 [INFO] [Rank 1] Finished. Latency: 115702 ms
2026-04-03 03:48:43 [INFO] [Rank 0] Finished. Latency: 115702 ms
2026-04-03 03:48:43 [INFO] [Rank 3] Finished. Latency: 115727 ms
2026-04-03 03:48:46 [INFO] Total latency:     115702 ms
2026-04-03 03:48:46 [INFO] Peak 5GB memory:   4860 MB
2026-04-03 03:48:46 [INFO] Avg  5GB memory:   3808 MB
2026-04-03 03:48:46 [INFO] [4/35] Split [20, 10, 5, 5] | Batch: 16 | Microbatch: 4 | Microbatches: 4
2026-04-03 03:48:46 [INFO] Loading WikiText... (SEQ_LEN=64, BATCH=16)
2026-04-03 03:49:07 [INFO] [Rank 2] Loading weights...
2026-04-03 03:49:09 [INFO] [Rank 3] Loading weights...
2026-04-03 03:49:18 [INFO] [Rank 1] Loading weights...
2026-04-03 03:49:19 [INFO] [Rank 2] Weights loaded.
2026-04-03 03:49:21 [INFO] [Rank 3] Weights loaded.
2026-04-03 03:49:31 [INFO] [Rank 1] Weights loaded.
2026-04-03 03:49:42 [INFO] [Rank 0] Loading weights...
2026-04-03 03:49:55 [INFO] [Rank 0] Weights loaded.
2026-04-03 03:53:17 [INFO] [Rank 2] Finished. Latency: 200986 ms
2026-04-03 03:53:17 [INFO] [Rank 1] Finished. Latency: 200986 ms
2026-04-03 03:53:17 [INFO] [Rank 0] Finished. Latency: 200986 ms
2026-04-03 03:53:17 [INFO] [Rank 3] Finished. Latency: 201006 ms
2026-04-03 03:53:20 [INFO] Total latency:     200986 ms
2026-04-03 03:53:20 [INFO] Peak 5GB memory:   4856 MB
2026-04-03 03:53:20 [INFO] Avg  5GB memory:   3922 MB
2026-04-03 03:53:20 [INFO] [5/35] Split [20, 10, 5, 5] | Batch: 16 | Microbatch: 2 | Microbatches: 8
2026-04-03 03:53:20 [INFO] Loading WikiText... (SEQ_LEN=64, BATCH=16)
2026-04-03 03:53:42 [INFO] [Rank 2] Loading weights...
2026-04-03 03:53:43 [INFO] [Rank 3] Loading weights...
2026-04-03 03:53:53 [INFO] [Rank 1] Loading weights...
2026-04-03 03:53:54 [INFO] [Rank 2] Weights loaded.
2026-04-03 03:53:55 [INFO] [Rank 3] Weights loaded.
2026-04-03 03:54:05 [INFO] [Rank 1] Weights loaded.
2026-04-03 03:54:17 [INFO] [Rank 0] Loading weights...
2026-04-03 03:54:30 [INFO] [Rank 0] Weights loaded.
2026-04-03 04:00:45 [INFO] [Rank 2] Finished. Latency: 374615 ms
2026-04-03 04:00:45 [INFO] [Rank 1] Finished. Latency: 374615 ms
2026-04-03 04:00:45 [INFO] [Rank 0] Finished. Latency: 374615 ms
2026-04-03 04:00:45 [INFO] [Rank 3] Finished. Latency: 374632 ms
2026-04-03 04:00:49 [INFO] Total latency:     374615 ms
2026-04-03 04:00:49 [INFO] Peak 5GB memory:   4810 MB
2026-04-03 04:00:49 [INFO] Avg  5GB memory:   3941 MB
2026-04-03 04:00:49 [INFO] [6/35] Split [21, 9, 5, 5] | Batch: 8 | Microbatch: 4 | Microbatches: 2
2026-04-03 04:00:49 [INFO] Loading WikiText... (SEQ_LEN=64, BATCH=8)
2026-04-03 04:01:10 [INFO] [Rank 2] Loading weights...
2026-04-03 04:01:12 [INFO] [Rank 3] Loading weights...
2026-04-03 04:01:19 [INFO] [Rank 1] Loading weights...
2026-04-03 04:01:22 [INFO] [Rank 2] Weights loaded.
2026-04-03 04:01:24 [INFO] [Rank 3] Weights loaded.
2026-04-03 04:01:32 [INFO] [Rank 1] Weights loaded.
2026-04-03 04:01:47 [INFO] [Rank 0] Loading weights...
2026-04-03 04:02:01 [INFO] [Rank 0] Weights loaded.
2026-04-03 04:03:41 [INFO] [Rank 1] Finished. Latency: 99903 ms
2026-04-03 04:03:41 [INFO] [Rank 2] Finished. Latency: 99903 ms
2026-04-03 04:03:41 [INFO] [Rank 0] Finished. Latency: 99903 ms
2026-04-03 04:03:41 [INFO] [Rank 3] Finished. Latency: 99923 ms
2026-04-03 04:03:45 [INFO] Total latency:     99903 ms
2026-04-03 04:03:45 [INFO] Peak 5GB memory:   4568 MB
2026-04-03 04:03:45 [INFO] Avg  5GB memory:   3496 MB
2026-04-03 04:03:45 [INFO] [7/35] Split [21, 9, 5, 5] | Batch: 8 | Microbatch: 2 | Microbatches: 4
2026-04-03 04:03:45 [INFO] Loading WikiText... (SEQ_LEN=64, BATCH=8)
2026-04-03 04:04:05 [INFO] [Rank 2] Loading weights...
2026-04-03 04:04:06 [INFO] [Rank 3] Loading weights...
2026-04-03 04:04:14 [INFO] [Rank 1] Loading weights...
2026-04-03 04:04:17 [INFO] [Rank 2] Weights loaded.
2026-04-03 04:04:18 [INFO] [Rank 3] Weights loaded.
2026-04-03 04:04:26 [INFO] [Rank 1] Weights loaded.
2026-04-03 04:04:42 [INFO] [Rank 0] Loading weights...
2026-04-03 04:04:55 [INFO] [Rank 0] Weights loaded.
2026-04-03 04:08:01 [INFO] [Rank 2] Finished. Latency: 185831 ms
2026-04-03 04:08:01 [INFO] [Rank 1] Finished. Latency: 185831 ms
2026-04-03 04:08:01 [INFO] [Rank 0] Finished. Latency: 185831 ms
2026-04-03 04:08:01 [INFO] [Rank 3] Finished. Latency: 185848 ms
2026-04-03 04:08:05 [INFO] Total latency:     185831 ms
2026-04-03 04:08:05 [INFO] Peak 5GB memory:   4162 MB
2026-04-03 04:08:05 [INFO] Avg  5GB memory:   3555 MB
2026-04-03 04:08:05 [INFO] [8/35] Split [21, 9, 5, 5] | Batch: 16 | Microbatch: 8 | Microbatches: 2
2026-04-03 04:08:05 [INFO] Loading WikiText... (SEQ_LEN=64, BATCH=16)
2026-04-03 04:08:26 [INFO] [Rank 2] Loading weights...
2026-04-03 04:08:27 [INFO] [Rank 3] Loading weights...
2026-04-03 04:08:35 [INFO] [Rank 1] Loading weights...
2026-04-03 04:08:38 [INFO] [Rank 2] Weights loaded.
2026-04-03 04:08:39 [INFO] [Rank 3] Weights loaded.
2026-04-03 04:08:47 [INFO] [Rank 1] Weights loaded.
2026-04-03 04:09:03 [INFO] [Rank 0] Loading weights...
2026-04-03 04:09:17 [INFO] [Rank 0] Weights loaded.
2026-04-03 04:11:11 [INFO] [Rank 2] Finished. Latency: 114494 ms
2026-04-03 04:11:11 [INFO] [Rank 1] Finished. Latency: 114494 ms
2026-04-03 04:11:11 [INFO] [Rank 0] Finished. Latency: 114494 ms
2026-04-03 04:11:11 [INFO] [Rank 3] Finished. Latency: 114518 ms
2026-04-03 04:11:15 [INFO] Total latency:     114494 ms
2026-04-03 04:11:15 [INFO] Peak 5GB memory:   4858 MB
2026-04-03 04:11:15 [INFO] Avg  5GB memory:   3791 MB
2026-04-03 04:11:15 [INFO] [9/35] Split [21, 9, 5, 5] | Batch: 16 | Microbatch: 4 | Microbatches: 4
2026-04-03 04:11:15 [INFO] Loading WikiText... (SEQ_LEN=64, BATCH=16)
2026-04-03 04:11:36 [INFO] [Rank 2] Loading weights...
2026-04-03 04:11:37 [INFO] [Rank 3] Loading weights...
2026-04-03 04:11:45 [INFO] [Rank 1] Loading weights...
2026-04-03 04:11:48 [INFO] [Rank 2] Weights loaded.
2026-04-03 04:11:49 [INFO] [Rank 3] Weights loaded.
2026-04-03 04:11:57 [INFO] [Rank 1] Weights loaded.
2026-04-03 04:12:13 [INFO] [Rank 0] Loading weights...
2026-04-03 04:12:26 [INFO] [Rank 0] Weights loaded.
2026-04-03 04:15:45 [INFO] [Rank 1] Finished. Latency: 198832 ms
2026-04-03 04:15:45 [INFO] [Rank 2] Finished. Latency: 198832 ms
2026-04-03 04:15:45 [INFO] [Rank 0] Finished. Latency: 198832 ms
2026-04-03 04:15:45 [INFO] [Rank 3] Finished. Latency: 198852 ms
2026-04-03 04:15:49 [INFO] Total latency:     198832 ms
2026-04-03 04:15:49 [INFO] Peak 5GB memory:   4856 MB
2026-04-03 04:15:49 [INFO] Avg  5GB memory:   3916 MB
2026-04-03 04:15:49 [INFO] [10/35] Split [21, 9, 5, 5] | Batch: 16 | Microbatch: 2 | Microbatches: 8
2026-04-03 04:15:49 [INFO] Loading WikiText... (SEQ_LEN=64, BATCH=16)
2026-04-03 04:16:10 [INFO] [Rank 2] Loading weights...
2026-04-03 04:16:12 [INFO] [Rank 3] Loading weights...
2026-04-03 04:16:19 [INFO] [Rank 1] Loading weights...
2026-04-03 04:16:22 [INFO] [Rank 2] Weights loaded.
2026-04-03 04:16:24 [INFO] [Rank 3] Weights loaded.
2026-04-03 04:16:32 [INFO] [Rank 1] Weights loaded.
2026-04-03 04:16:47 [INFO] [Rank 0] Loading weights...
2026-04-03 04:17:01 [INFO] [Rank 0] Weights loaded.
2026-04-03 04:23:11 [INFO] [Rank 2] Finished. Latency: 370246 ms
2026-04-03 04:23:11 [INFO] [Rank 1] Finished. Latency: 370246 ms
2026-04-03 04:23:11 [INFO] [Rank 0] Finished. Latency: 370246 ms
2026-04-03 04:23:11 [INFO] [Rank 3] Finished. Latency: 370263 ms
2026-04-03 04:23:15 [INFO] Total latency:     370246 ms
2026-04-03 04:23:15 [INFO] Peak 5GB memory:   4810 MB
2026-04-03 04:23:15 [INFO] Avg  5GB memory:   3937 MB
2026-04-03 04:23:15 [INFO] [11/35] Split [21, 10, 5, 4] | Batch: 8 | Microbatch: 4 | Microbatches: 2
2026-04-03 04:23:15 [INFO] Loading WikiText... (SEQ_LEN=64, BATCH=8)
2026-04-03 04:23:35 [INFO] [Rank 3] Loading weights...
2026-04-03 04:23:36 [INFO] [Rank 2] Loading weights...
2026-04-03 04:23:47 [INFO] [Rank 3] Weights loaded.
2026-04-03 04:23:47 [INFO] [Rank 1] Loading weights...
2026-04-03 04:23:48 [INFO] [Rank 2] Weights loaded.
2026-04-03 04:23:59 [INFO] [Rank 1] Weights loaded.
2026-04-03 04:24:13 [INFO] [Rank 0] Loading weights...
2026-04-03 04:24:26 [INFO] [Rank 0] Weights loaded.
2026-04-03 04:26:04 [INFO] [Rank 2] Finished. Latency: 97895 ms
2026-04-03 04:26:04 [INFO] [Rank 1] Finished. Latency: 97895 ms
2026-04-03 04:26:04 [INFO] [Rank 0] Finished. Latency: 97895 ms
2026-04-03 04:26:04 [INFO] [Rank 3] Finished. Latency: 97911 ms
2026-04-03 04:26:08 [INFO] Total latency:     97895 ms
2026-04-03 04:26:08 [INFO] Peak 5GB memory:   4496 MB
2026-04-03 04:26:08 [INFO] Avg  5GB memory:   2979 MB
2026-04-03 04:26:08 [INFO] [12/35] Split [21, 10, 5, 4] | Batch: 8 | Microbatch: 2 | Microbatches: 4
2026-04-03 04:26:08 [INFO] Loading WikiText... (SEQ_LEN=64, BATCH=8)
2026-04-03 04:26:27 [INFO] [Rank 3] Loading weights...
2026-04-03 04:26:28 [INFO] [Rank 2] Loading weights...
2026-04-03 04:26:39 [INFO] [Rank 3] Weights loaded.
2026-04-03 04:26:40 [INFO] [Rank 1] Loading weights...
2026-04-03 04:26:40 [INFO] [Rank 2] Weights loaded.
2026-04-03 04:26:52 [INFO] [Rank 1] Weights loaded.
2026-04-03 04:27:05 [INFO] [Rank 0] Loading weights...
2026-04-03 04:27:19 [INFO] [Rank 0] Weights loaded.
2026-04-03 04:30:21 [INFO] [Rank 2] Finished. Latency: 182032 ms
2026-04-03 04:30:21 [INFO] [Rank 1] Finished. Latency: 182032 ms
2026-04-03 04:30:21 [INFO] [Rank 0] Finished. Latency: 182032 ms
2026-04-03 04:30:21 [INFO] [Rank 3] Finished. Latency: 182046 ms
2026-04-03 04:30:25 [INFO] Total latency:     182032 ms
2026-04-03 04:30:25 [INFO] Peak 5GB memory:   3482 MB
2026-04-03 04:30:25 [INFO] Avg  5GB memory:   2948 MB
2026-04-03 04:30:25 [INFO] [13/35] Split [21, 10, 5, 4] | Batch: 16 | Microbatch: 8 | Microbatches: 2
2026-04-03 04:30:25 [INFO] Loading WikiText... (SEQ_LEN=64, BATCH=16)
2026-04-03 04:30:46 [INFO] [Rank 3] Loading weights...
2026-04-03 04:30:47 [INFO] [Rank 2] Loading weights...
2026-04-03 04:30:58 [INFO] [Rank 3] Weights loaded.
2026-04-03 04:30:59 [INFO] [Rank 1] Loading weights...
2026-04-03 04:30:59 [INFO] [Rank 2] Weights loaded.
2026-04-03 04:31:11 [INFO] [Rank 1] Weights loaded.
2026-04-03 04:31:24 [INFO] [Rank 0] Loading weights...
2026-04-03 04:31:38 [INFO] [Rank 0] Weights loaded.
2026-04-03 04:33:30 [INFO] [Rank 2] Finished. Latency: 111984 ms
2026-04-03 04:33:30 [INFO] [Rank 1] Finished. Latency: 111984 ms
2026-04-03 04:33:30 [INFO] [Rank 0] Finished. Latency: 111984 ms
2026-04-03 04:33:30 [INFO] [Rank 3] Finished. Latency: 112003 ms
2026-04-03 04:33:34 [INFO] Total latency:     111984 ms
2026-04-03 04:33:34 [INFO] Peak 5GB memory:   4834 MB
2026-04-03 04:33:34 [INFO] Avg  5GB memory:   3292 MB
2026-04-03 04:33:34 [INFO] [14/35] Split [21, 10, 5, 4] | Batch: 16 | Microbatch: 4 | Microbatches: 4
2026-04-03 04:33:34 [INFO] Loading WikiText... (SEQ_LEN=64, BATCH=16)
2026-04-03 04:33:54 [INFO] [Rank 3] Loading weights...
2026-04-03 04:33:55 [INFO] [Rank 2] Loading weights...
2026-04-03 04:34:05 [INFO] [Rank 3] Weights loaded.
2026-04-03 04:34:06 [INFO] [Rank 1] Loading weights...
2026-04-03 04:34:07 [INFO] [Rank 2] Weights loaded.
2026-04-03 04:34:18 [INFO] [Rank 1] Weights loaded.
2026-04-03 04:34:31 [INFO] [Rank 0] Loading weights...
2026-04-03 04:34:45 [INFO] [Rank 0] Weights loaded.
2026-04-03 04:38:00 [INFO] [Rank 2] Finished. Latency: 194543 ms
2026-04-03 04:38:00 [INFO] [Rank 1] Finished. Latency: 194543 ms
2026-04-03 04:38:00 [INFO] [Rank 0] Finished. Latency: 194543 ms
2026-04-03 04:38:00 [INFO] [Rank 3] Finished. Latency: 194559 ms
2026-04-03 04:38:04 [INFO] Total latency:     194543 ms
2026-04-03 04:38:04 [INFO] Peak 5GB memory:   4692 MB
2026-04-03 04:38:04 [INFO] Avg  5GB memory:   3330 MB
2026-04-03 04:38:04 [INFO] [15/35] Split [21, 10, 5, 4] | Batch: 16 | Microbatch: 2 | Microbatches: 8
2026-04-03 04:38:04 [INFO] Loading WikiText... (SEQ_LEN=64, BATCH=16)
2026-04-03 04:38:23 [INFO] [Rank 3] Loading weights...
2026-04-03 04:38:25 [INFO] [Rank 2] Loading weights...
2026-04-03 04:38:35 [INFO] [Rank 3] Weights loaded.
2026-04-03 04:38:36 [INFO] [Rank 1] Loading weights...
2026-04-03 04:38:37 [INFO] [Rank 2] Weights loaded.
2026-04-03 04:38:48 [INFO] [Rank 1] Weights loaded.
2026-04-03 04:39:01 [INFO] [Rank 0] Loading weights...
2026-04-03 04:39:15 [INFO] [Rank 0] Weights loaded.
2026-04-03 04:45:18 [INFO] [Rank 2] Finished. Latency: 362566 ms
2026-04-03 04:45:18 [INFO] [Rank 1] Finished. Latency: 362566 ms
2026-04-03 04:45:18 [INFO] [Rank 0] Finished. Latency: 362566 ms
2026-04-03 04:45:18 [INFO] [Rank 3] Finished. Latency: 362580 ms
2026-04-03 04:45:22 [INFO] Total latency:     362566 ms
2026-04-03 04:45:22 [INFO] Peak 5GB memory:   3946 MB
2026-04-03 04:45:22 [INFO] Avg  5GB memory:   3255 MB
2026-04-03 04:45:22 [INFO] [16/35] Split [22, 8, 5, 5] | Batch: 8 | Microbatch: 4 | Microbatches: 2
2026-04-03 04:45:22 [INFO] Loading WikiText... (SEQ_LEN=64, BATCH=8)
2026-04-03 04:45:42 [INFO] [Rank 2] Loading weights...
2026-04-03 04:45:43 [INFO] [Rank 3] Loading weights...
2026-04-03 04:45:49 [INFO] [Rank 1] Loading weights...
2026-04-03 04:45:54 [INFO] [Rank 2] Weights loaded.
2026-04-03 04:45:55 [INFO] [Rank 3] Weights loaded.
2026-04-03 04:46:01 [INFO] [Rank 1] Weights loaded.
2026-04-03 04:46:21 [INFO] [Rank 0] Loading weights...
2026-04-03 04:46:35 [INFO] [Rank 0] Weights loaded.
2026-04-03 04:48:14 [INFO] [Rank 2] Finished. Latency: 98804 ms
2026-04-03 04:48:14 [INFO] [Rank 1] Finished. Latency: 98804 ms
2026-04-03 04:48:14 [INFO] [Rank 0] Finished. Latency: 98804 ms
2026-04-03 04:48:14 [INFO] [Rank 3] Finished. Latency: 98824 ms
2026-04-03 04:48:18 [INFO] Total latency:     98804 ms
2026-04-03 04:48:18 [INFO] Peak 5GB memory:   4568 MB
2026-04-03 04:48:18 [INFO] Avg  5GB memory:   3511 MB
2026-04-03 04:48:18 [INFO] [17/35] Split [22, 8, 5, 5] | Batch: 8 | Microbatch: 2 | Microbatches: 4
2026-04-03 04:48:18 [INFO] Loading WikiText... (SEQ_LEN=64, BATCH=8)
2026-04-03 04:48:39 [INFO] [Rank 2] Loading weights...
2026-04-03 04:48:40 [INFO] [Rank 3] Loading weights...
2026-04-03 04:48:46 [INFO] [Rank 1] Loading weights...
2026-04-03 04:48:51 [INFO] [Rank 2] Weights loaded.
2026-04-03 04:48:52 [INFO] [Rank 3] Weights loaded.
2026-04-03 04:48:58 [INFO] [Rank 1] Weights loaded.
2026-04-03 04:49:18 [INFO] [Rank 0] Loading weights...
2026-04-03 04:49:31 [INFO] [Rank 0] Weights loaded.
2026-04-03 04:52:35 [INFO] [Rank 2] Finished. Latency: 183868 ms
2026-04-03 04:52:35 [INFO] [Rank 1] Finished. Latency: 183868 ms
2026-04-03 04:52:35 [INFO] [Rank 0] Finished. Latency: 183868 ms
2026-04-03 04:52:35 [INFO] [Rank 3] Finished. Latency: 183885 ms
2026-04-03 04:52:39 [INFO] Total latency:     183868 ms
2026-04-03 04:52:39 [INFO] Peak 5GB memory:   4162 MB
2026-04-03 04:52:39 [INFO] Avg  5GB memory:   3544 MB
2026-04-03 04:52:39 [INFO] [18/35] Split [22, 8, 5, 5] | Batch: 16 | Microbatch: 8 | Microbatches: 2
2026-04-03 04:52:39 [INFO] Loading WikiText... (SEQ_LEN=64, BATCH=16)
2026-04-03 04:53:01 [INFO] [Rank 2] Loading weights...
2026-04-03 04:53:02 [INFO] [Rank 3] Loading weights...
2026-04-03 04:53:08 [INFO] [Rank 1] Loading weights...
2026-04-03 04:53:13 [INFO] [Rank 2] Weights loaded.
2026-04-03 04:53:14 [INFO] [Rank 3] Weights loaded.
2026-04-03 04:53:20 [INFO] [Rank 1] Weights loaded.
2026-04-03 04:53:40 [INFO] [Rank 0] Loading weights...
2026-04-03 04:53:54 [INFO] [Rank 0] Weights loaded.
2026-04-03 04:55:47 [INFO] [Rank 2] Finished. Latency: 113449 ms
2026-04-03 04:55:47 [INFO] [Rank 1] Finished. Latency: 113449 ms
2026-04-03 04:55:47 [INFO] [Rank 0] Finished. Latency: 113449 ms
2026-04-03 04:55:47 [INFO] [Rank 3] Finished. Latency: 113474 ms
2026-04-03 04:55:51 [INFO] Total latency:     113449 ms
2026-04-03 04:55:51 [INFO] Peak 5GB memory:   4858 MB
2026-04-03 04:55:51 [INFO] Avg  5GB memory:   3776 MB
2026-04-03 04:55:51 [INFO] [19/35] Split [22, 8, 5, 5] | Batch: 16 | Microbatch: 4 | Microbatches: 4
2026-04-03 04:55:51 [INFO] Loading WikiText... (SEQ_LEN=64, BATCH=16)
2026-04-03 04:56:11 [INFO] [Rank 2] Loading weights...
2026-04-03 04:56:12 [INFO] [Rank 3] Loading weights...
2026-04-03 04:56:18 [INFO] [Rank 1] Loading weights...
2026-04-03 04:56:23 [INFO] [Rank 2] Weights loaded.
2026-04-03 04:56:24 [INFO] [Rank 3] Weights loaded.
2026-04-03 04:56:30 [INFO] [Rank 1] Weights loaded.
2026-04-03 04:56:50 [INFO] [Rank 0] Loading weights...
2026-04-03 04:57:04 [INFO] [Rank 0] Weights loaded.
2026-04-03 05:00:21 [INFO] [Rank 1] Finished. Latency: 196712 ms
2026-04-03 05:00:21 [INFO] [Rank 2] Finished. Latency: 196712 ms
2026-04-03 05:00:21 [INFO] [Rank 0] Finished. Latency: 196712 ms
2026-04-03 05:00:21 [INFO] [Rank 3] Finished. Latency: 196731 ms
2026-04-03 05:00:25 [INFO] Total latency:     196712 ms
2026-04-03 05:00:25 [INFO] Peak 5GB memory:   4856 MB
2026-04-03 05:00:25 [INFO] Avg  5GB memory:   3917 MB
2026-04-03 05:00:25 [INFO] [20/35] Split [22, 8, 5, 5] | Batch: 16 | Microbatch: 2 | Microbatches: 8
2026-04-03 05:00:25 [INFO] Loading WikiText... (SEQ_LEN=64, BATCH=16)
2026-04-03 05:00:46 [INFO] [Rank 2] Loading weights...
2026-04-03 05:00:47 [INFO] [Rank 3] Loading weights...
2026-04-03 05:00:53 [INFO] [Rank 1] Loading weights...
2026-04-03 05:00:58 [INFO] [Rank 2] Weights loaded.
2026-04-03 05:00:59 [INFO] [Rank 3] Weights loaded.
2026-04-03 05:01:05 [INFO] [Rank 1] Weights loaded.
2026-04-03 05:01:25 [INFO] [Rank 0] Loading weights...
2026-04-03 05:01:39 [INFO] [Rank 0] Weights loaded.
2026-04-03 05:07:45 [INFO] [Rank 1] Finished. Latency: 365888 ms
2026-04-03 05:07:45 [INFO] [Rank 2] Finished. Latency: 365888 ms
2026-04-03 05:07:45 [INFO] [Rank 0] Finished. Latency: 365888 ms
2026-04-03 05:07:45 [INFO] [Rank 3] Finished. Latency: 365906 ms
2026-04-03 05:07:48 [INFO] Total latency:     365888 ms
2026-04-03 05:07:48 [INFO] Peak 5GB memory:   4810 MB
2026-04-03 05:07:48 [INFO] Avg  5GB memory:   3934 MB
2026-04-03 05:07:48 [INFO] [21/35] Split [22, 9, 5, 4] | Batch: 8 | Microbatch: 4 | Microbatches: 2
2026-04-03 05:07:48 [INFO] Loading WikiText... (SEQ_LEN=64, BATCH=8)
2026-04-03 05:08:08 [INFO] [Rank 3] Loading weights...
2026-04-03 05:08:10 [INFO] [Rank 2] Loading weights...
2026-04-03 05:08:19 [INFO] [Rank 1] Loading weights...
2026-04-03 05:08:20 [INFO] [Rank 3] Weights loaded.
2026-04-03 05:08:21 [INFO] [Rank 2] Weights loaded.
2026-04-03 05:08:31 [INFO] [Rank 1] Weights loaded.
2026-04-03 05:08:48 [INFO] [Rank 0] Loading weights...
2026-04-03 05:09:02 [INFO] [Rank 0] Weights loaded.
2026-04-03 05:10:39 [INFO] [Rank 1] Finished. Latency: 96618 ms
2026-04-03 05:10:39 [INFO] [Rank 2] Finished. Latency: 96618 ms
2026-04-03 05:10:39 [INFO] [Rank 0] Finished. Latency: 96618 ms
2026-04-03 05:10:39 [INFO] [Rank 3] Finished. Latency: 96634 ms
2026-04-03 05:10:43 [INFO] Total latency:     96618 ms
2026-04-03 05:10:43 [INFO] Peak 5GB memory:   4496 MB
2026-04-03 05:10:43 [INFO] Avg  5GB memory:   2963 MB
2026-04-03 05:10:43 [INFO] [22/35] Split [22, 9, 5, 4] | Batch: 8 | Microbatch: 2 | Microbatches: 4
2026-04-03 05:10:43 [INFO] Loading WikiText... (SEQ_LEN=64, BATCH=8)
2026-04-03 05:11:02 [INFO] [Rank 3] Loading weights...
2026-04-03 05:11:03 [INFO] [Rank 2] Loading weights...
2026-04-03 05:11:13 [INFO] [Rank 1] Loading weights...
2026-04-03 05:11:14 [INFO] [Rank 3] Weights loaded.
2026-04-03 05:11:15 [INFO] [Rank 2] Weights loaded.
2026-04-03 05:11:25 [INFO] [Rank 1] Weights loaded.
2026-04-03 05:11:42 [INFO] [Rank 0] Loading weights...
2026-04-03 05:11:56 [INFO] [Rank 0] Weights loaded.
2026-04-03 05:14:56 [INFO] [Rank 2] Finished. Latency: 179842 ms
2026-04-03 05:14:56 [INFO] [Rank 1] Finished. Latency: 179842 ms
2026-04-03 05:14:56 [INFO] [Rank 0] Finished. Latency: 179842 ms
2026-04-03 05:14:56 [INFO] [Rank 3] Finished. Latency: 179856 ms
2026-04-03 05:15:00 [INFO] Total latency:     179842 ms
2026-04-03 05:15:00 [INFO] Peak 5GB memory:   3482 MB
2026-04-03 05:15:00 [INFO] Avg  5GB memory:   2940 MB
2026-04-03 05:15:00 [INFO] [23/35] Split [22, 9, 5, 4] | Batch: 16 | Microbatch: 8 | Microbatches: 2
2026-04-03 05:15:00 [INFO] Loading WikiText... (SEQ_LEN=64, BATCH=16)
2026-04-03 05:15:20 [INFO] [Rank 3] Loading weights...
2026-04-03 05:15:22 [INFO] [Rank 2] Loading weights...
2026-04-03 05:15:30 [INFO] [Rank 1] Loading weights...
2026-04-03 05:15:32 [INFO] [Rank 3] Weights loaded.
2026-04-03 05:15:33 [INFO] [Rank 2] Weights loaded.
2026-04-03 05:15:43 [INFO] [Rank 1] Weights loaded.
2026-04-03 05:16:00 [INFO] [Rank 0] Loading weights...
2026-04-03 05:16:14 [INFO] [Rank 0] Weights loaded.
2026-04-03 05:18:05 [INFO] [Rank 2] Finished. Latency: 110893 ms
2026-04-03 05:18:05 [INFO] [Rank 1] Finished. Latency: 110893 ms
2026-04-03 05:18:05 [INFO] [Rank 0] Finished. Latency: 110894 ms
2026-04-03 05:18:05 [INFO] [Rank 3] Finished. Latency: 110914 ms
2026-04-03 05:18:09 [INFO] Total latency:     110894 ms
2026-04-03 05:18:09 [INFO] Peak 5GB memory:   4834 MB
2026-04-03 05:18:09 [INFO] Avg  5GB memory:   3284 MB
2026-04-03 05:18:09 [INFO] [24/35] Split [22, 9, 5, 4] | Batch: 16 | Microbatch: 4 | Microbatches: 4
2026-04-03 05:18:09 [INFO] Loading WikiText... (SEQ_LEN=64, BATCH=16)
2026-04-03 05:18:28 [INFO] [Rank 3] Loading weights...
2026-04-03 05:18:30 [INFO] [Rank 2] Loading weights...
2026-04-03 05:18:39 [INFO] [Rank 1] Loading weights...
2026-04-03 05:18:40 [INFO] [Rank 3] Weights loaded.
2026-04-03 05:18:42 [INFO] [Rank 2] Weights loaded.
2026-04-03 05:18:51 [INFO] [Rank 1] Weights loaded.
2026-04-03 05:19:08 [INFO] [Rank 0] Loading weights...
2026-04-03 05:19:22 [INFO] [Rank 0] Weights loaded.
2026-04-03 05:22:35 [INFO] [Rank 1] Finished. Latency: 192363 ms
2026-04-03 05:22:35 [INFO] [Rank 2] Finished. Latency: 192363 ms
2026-04-03 05:22:35 [INFO] [Rank 0] Finished. Latency: 192363 ms
2026-04-03 05:22:35 [INFO] [Rank 3] Finished. Latency: 192379 ms
2026-04-03 05:22:39 [INFO] Total latency:     192363 ms
2026-04-03 05:22:39 [INFO] Peak 5GB memory:   4692 MB
2026-04-03 05:22:39 [INFO] Avg  5GB memory:   3324 MB
2026-04-03 05:22:39 [INFO] [25/35] Split [22, 9, 5, 4] | Batch: 16 | Microbatch: 2 | Microbatches: 8
2026-04-03 05:22:39 [INFO] Loading WikiText... (SEQ_LEN=64, BATCH=16)
2026-04-03 05:22:58 [INFO] [Rank 3] Loading weights...
2026-04-03 05:22:59 [INFO] [Rank 2] Loading weights...
2026-04-03 05:23:08 [INFO] [Rank 1] Loading weights...
2026-04-03 05:23:10 [INFO] [Rank 3] Weights loaded.
2026-04-03 05:23:11 [INFO] [Rank 2] Weights loaded.
2026-04-03 05:23:20 [INFO] [Rank 1] Weights loaded.
2026-04-03 05:23:38 [INFO] [Rank 0] Loading weights...
2026-04-03 05:23:52 [INFO] [Rank 0] Weights loaded.
2026-04-03 05:29:51 [INFO] [Rank 1] Finished. Latency: 358430 ms
2026-04-03 05:29:51 [INFO] [Rank 2] Finished. Latency: 358430 ms
2026-04-03 05:29:51 [INFO] [Rank 0] Finished. Latency: 358430 ms
2026-04-03 05:29:51 [INFO] [Rank 3] Finished. Latency: 358444 ms
2026-04-03 05:29:54 [INFO] Total latency:     358430 ms
2026-04-03 05:29:54 [INFO] Peak 5GB memory:   3946 MB
2026-04-03 05:29:54 [INFO] Avg  5GB memory:   3254 MB
2026-04-03 05:29:54 [INFO] [26/35] Split [22, 10, 4, 4] | Batch: 8 | Microbatch: 4 | Microbatches: 2
2026-04-03 05:29:54 [INFO] Loading WikiText... (SEQ_LEN=64, BATCH=8)
2026-04-03 05:30:13 [INFO] [Rank 2] Loading weights...
2026-04-03 05:30:15 [INFO] [Rank 3] Loading weights...
2026-04-03 05:30:25 [INFO] [Rank 2] Weights loaded.
2026-04-03 05:30:27 [INFO] [Rank 3] Weights loaded.
2026-04-03 05:30:27 [INFO] [Rank 1] Loading weights...
2026-04-03 05:30:40 [INFO] [Rank 1] Weights loaded.
2026-04-03 05:30:55 [INFO] [Rank 0] Loading weights...
2026-04-03 05:31:09 [INFO] [Rank 0] Weights loaded.
2026-04-03 05:32:44 [INFO] [Rank 2] Finished. Latency: 94749 ms
2026-04-03 05:32:44 [INFO] [Rank 1] Finished. Latency: 94749 ms
2026-04-03 05:32:44 [INFO] [Rank 0] Finished. Latency: 94749 ms
2026-04-03 05:32:44 [INFO] [Rank 3] Finished. Latency: 94765 ms
2026-04-03 05:32:47 [INFO] Total latency:     94749 ms
2026-04-03 05:32:47 [INFO] Peak 5GB memory:   4496 MB
2026-04-03 05:32:47 [INFO] Avg  5GB memory:   2959 MB
2026-04-03 05:32:47 [INFO] [27/35] Split [22, 10, 4, 4] | Batch: 8 | Microbatch: 2 | Microbatches: 4
2026-04-03 05:32:47 [INFO] Loading WikiText... (SEQ_LEN=64, BATCH=8)
2026-04-03 05:33:06 [INFO] [Rank 2] Loading weights...
2026-04-03 05:33:07 [INFO] [Rank 3] Loading weights...
2026-04-03 05:33:17 [INFO] [Rank 2] Weights loaded.
2026-04-03 05:33:18 [INFO] [Rank 3] Weights loaded.
2026-04-03 05:33:19 [INFO] [Rank 1] Loading weights...
2026-04-03 05:33:31 [INFO] [Rank 1] Weights loaded.
2026-04-03 05:33:47 [INFO] [Rank 0] Loading weights...
2026-04-03 05:34:01 [INFO] [Rank 0] Weights loaded.
2026-04-03 05:36:57 [INFO] [Rank 1] Finished. Latency: 176211 ms
2026-04-03 05:36:57 [INFO] [Rank 2] Finished. Latency: 176211 ms
2026-04-03 05:36:57 [INFO] [Rank 0] Finished. Latency: 176211 ms
2026-04-03 05:36:57 [INFO] [Rank 3] Finished. Latency: 176225 ms
2026-04-03 05:37:01 [INFO] Total latency:     176211 ms
2026-04-03 05:37:01 [INFO] Peak 5GB memory:   3482 MB
2026-04-03 05:37:01 [INFO] Avg  5GB memory:   2940 MB
2026-04-03 05:37:01 [INFO] [28/35] Split [22, 10, 4, 4] | Batch: 16 | Microbatch: 8 | Microbatches: 2
2026-04-03 05:37:01 [INFO] Loading WikiText... (SEQ_LEN=64, BATCH=16)
2026-04-03 05:37:20 [INFO] [Rank 2] Loading weights...
2026-04-03 05:37:21 [INFO] [Rank 3] Loading weights...
2026-04-03 05:37:32 [INFO] [Rank 2] Weights loaded.
2026-04-03 05:37:33 [INFO] [Rank 3] Weights loaded.
2026-04-03 05:37:34 [INFO] [Rank 1] Loading weights...
2026-04-03 05:37:46 [INFO] [Rank 1] Weights loaded.
2026-04-03 05:38:01 [INFO] [Rank 0] Loading weights...
2026-04-03 05:38:15 [INFO] [Rank 0] Weights loaded.
2026-04-03 05:40:04 [INFO] [Rank 2] Finished. Latency: 108538 ms
2026-04-03 05:40:04 [INFO] [Rank 1] Finished. Latency: 108538 ms
2026-04-03 05:40:04 [INFO] [Rank 0] Finished. Latency: 108538 ms
2026-04-03 05:40:04 [INFO] [Rank 3] Finished. Latency: 108558 ms
2026-04-03 05:40:08 [INFO] Total latency:     108538 ms
2026-04-03 05:40:08 [INFO] Peak 5GB memory:   4834 MB
2026-04-03 05:40:08 [INFO] Avg  5GB memory:   3280 MB
2026-04-03 05:40:08 [INFO] [29/35] Split [22, 10, 4, 4] | Batch: 16 | Microbatch: 4 | Microbatches: 4
2026-04-03 05:40:08 [INFO] Loading WikiText... (SEQ_LEN=64, BATCH=16)
2026-04-03 05:40:26 [INFO] [Rank 2] Loading weights...
2026-04-03 05:40:28 [INFO] [Rank 3] Loading weights...
2026-04-03 05:40:39 [INFO] [Rank 2] Weights loaded.
2026-04-03 05:40:40 [INFO] [Rank 3] Weights loaded.
2026-04-03 05:40:40 [INFO] [Rank 1] Loading weights...
2026-04-03 05:40:53 [INFO] [Rank 1] Weights loaded.
2026-04-03 05:41:08 [INFO] [Rank 0] Loading weights...
2026-04-03 05:41:22 [INFO] [Rank 0] Weights loaded.
2026-04-03 05:44:30 [INFO] [Rank 1] Finished. Latency: 188125 ms
2026-04-03 05:44:30 [INFO] [Rank 2] Finished. Latency: 188125 ms
2026-04-03 05:44:30 [INFO] [Rank 0] Finished. Latency: 188125 ms
2026-04-03 05:44:30 [INFO] [Rank 3] Finished. Latency: 188141 ms
2026-04-03 05:44:34 [INFO] Total latency:     188125 ms
2026-04-03 05:44:34 [INFO] Peak 5GB memory:   4692 MB
2026-04-03 05:44:34 [INFO] Avg  5GB memory:   3320 MB
2026-04-03 05:44:34 [INFO] [30/35] Split [22, 10, 4, 4] | Batch: 16 | Microbatch: 2 | Microbatches: 8
2026-04-03 05:44:34 [INFO] Loading WikiText... (SEQ_LEN=64, BATCH=16)
2026-04-03 05:44:53 [INFO] [Rank 2] Loading weights...
2026-04-03 05:44:54 [INFO] [Rank 3] Loading weights...
2026-04-03 05:45:05 [INFO] [Rank 2] Weights loaded.
2026-04-03 05:45:06 [INFO] [Rank 3] Weights loaded.
2026-04-03 05:45:07 [INFO] [Rank 1] Loading weights...
2026-04-03 05:45:19 [INFO] [Rank 1] Weights loaded.
2026-04-03 05:45:34 [INFO] [Rank 0] Loading weights...
2026-04-03 05:45:48 [INFO] [Rank 0] Weights loaded.
2026-04-03 05:51:39 [INFO] [Rank 1] Finished. Latency: 350713 ms
2026-04-03 05:51:39 [INFO] [Rank 0] Finished. Latency: 350713 ms
2026-04-03 05:51:39 [INFO] [Rank 2] Finished. Latency: 350712 ms
2026-04-03 05:51:39 [INFO] [Rank 3] Finished. Latency: 350726 ms
2026-04-03 05:51:43 [INFO] Total latency:     350713 ms
2026-04-03 05:51:43 [INFO] Peak 5GB memory:   3946 MB
2026-04-03 05:51:43 [INFO] Avg  5GB memory:   3244 MB
2026-04-03 05:51:43 [INFO] [31/35] Split [22, 10, 5, 3] | Batch: 8 | Microbatch: 4 | Microbatches: 2
2026-04-03 05:51:43 [INFO] Loading WikiText... (SEQ_LEN=64, BATCH=8)
2026-04-03 05:52:00 [INFO] [Rank 3] Loading weights...
2026-04-03 05:52:04 [INFO] [Rank 2] Loading weights...
2026-04-03 05:52:12 [INFO] [Rank 3] Weights loaded.
2026-04-03 05:52:15 [INFO] [Rank 1] Loading weights...
2026-04-03 05:52:16 [INFO] [Rank 2] Weights loaded.
2026-04-03 05:52:27 [INFO] [Rank 1] Weights loaded.
2026-04-03 05:52:43 [INFO] [Rank 0] Loading weights...
2026-04-03 05:52:57 [INFO] [Rank 0] Weights loaded.
2026-04-03 05:54:31 [INFO] [Rank 2] Finished. Latency: 94638 ms
2026-04-03 05:54:31 [INFO] [Rank 1] Finished. Latency: 94638 ms
2026-04-03 05:54:31 [INFO] [Rank 0] Finished. Latency: 94638 ms
2026-04-03 05:54:31 [INFO] [Rank 3] Finished. Latency: 94650 ms
2026-04-03 05:54:35 [INFO] Total latency:     94638 ms
2026-04-03 05:54:35 [INFO] Peak 5GB memory:   3504 MB
2026-04-03 05:54:35 [INFO] Avg  5GB memory:   2357 MB
2026-04-03 05:54:35 [INFO] [32/35] Split [22, 10, 5, 3] | Batch: 8 | Microbatch: 2 | Microbatches: 4
2026-04-03 05:54:35 [INFO] Loading WikiText... (SEQ_LEN=64, BATCH=8)
2026-04-03 05:54:53 [INFO] [Rank 3] Loading weights...
2026-04-03 05:54:56 [INFO] [Rank 2] Loading weights...
2026-04-03 05:55:04 [INFO] [Rank 3] Weights loaded.
2026-04-03 05:55:07 [INFO] [Rank 1] Loading weights...
2026-04-03 05:55:08 [INFO] [Rank 2] Weights loaded.
2026-04-03 05:55:20 [INFO] [Rank 1] Weights loaded.
2026-04-03 05:55:35 [INFO] [Rank 0] Loading weights...
2026-04-03 05:55:49 [INFO] [Rank 0] Weights loaded.
2026-04-03 05:58:45 [INFO] [Rank 2] Finished. Latency: 175924 ms
2026-04-03 05:58:45 [INFO] [Rank 1] Finished. Latency: 175924 ms
2026-04-03 05:58:45 [INFO] [Rank 0] Finished. Latency: 175924 ms
2026-04-03 05:58:45 [INFO] [Rank 3] Finished. Latency: 175935 ms
2026-04-03 05:58:49 [INFO] Total latency:     175924 ms
2026-04-03 05:58:49 [INFO] Peak 5GB memory:   2874 MB
2026-04-03 05:58:49 [INFO] Avg  5GB memory:   2325 MB
2026-04-03 05:58:49 [INFO] [33/35] Split [22, 10, 5, 3] | Batch: 16 | Microbatch: 8 | Microbatches: 2
2026-04-03 05:58:49 [INFO] Loading WikiText... (SEQ_LEN=64, BATCH=16)
2026-04-03 05:59:07 [INFO] [Rank 3] Loading weights...
2026-04-03 05:59:10 [INFO] [Rank 2] Loading weights...
2026-04-03 05:59:19 [INFO] [Rank 3] Weights loaded.
2026-04-03 05:59:22 [INFO] [Rank 1] Loading weights...
2026-04-03 05:59:22 [INFO] [Rank 2] Weights loaded.
2026-04-03 05:59:34 [INFO] [Rank 1] Weights loaded.
2026-04-03 05:59:49 [INFO] [Rank 0] Loading weights...
2026-04-03 06:00:03 [INFO] [Rank 0] Weights loaded.
2026-04-03 06:01:52 [INFO] [Rank 1] Finished. Latency: 108556 ms
2026-04-03 06:01:52 [INFO] [Rank 2] Finished. Latency: 108556 ms
2026-04-03 06:01:52 [INFO] [Rank 0] Finished. Latency: 108556 ms
2026-04-03 06:01:52 [INFO] [Rank 3] Finished. Latency: 108571 ms
2026-04-03 06:01:56 [INFO] Total latency:     108556 ms
2026-04-03 06:01:56 [INFO] Peak 5GB memory:   4774 MB
2026-04-03 06:01:56 [INFO] Avg  5GB memory:   2811 MB
2026-04-03 06:01:56 [INFO] [34/35] Split [22, 10, 5, 3] | Batch: 16 | Microbatch: 4 | Microbatches: 4
2026-04-03 06:01:56 [INFO] Loading WikiText... (SEQ_LEN=64, BATCH=16)
2026-04-03 06:02:13 [INFO] [Rank 3] Loading weights...
2026-04-03 06:02:16 [INFO] [Rank 2] Loading weights...
2026-04-03 06:02:25 [INFO] [Rank 3] Weights loaded.
2026-04-03 06:02:28 [INFO] [Rank 1] Loading weights...
2026-04-03 06:02:28 [INFO] [Rank 2] Weights loaded.
2026-04-03 06:02:40 [INFO] [Rank 1] Weights loaded.
2026-04-03 06:02:55 [INFO] [Rank 0] Loading weights...
2026-04-03 06:03:09 [INFO] [Rank 0] Weights loaded.
2026-04-03 06:06:17 [INFO] [Rank 2] Finished. Latency: 188285 ms
2026-04-03 06:06:17 [INFO] [Rank 1] Finished. Latency: 188285 ms
2026-04-03 06:06:17 [INFO] [Rank 0] Finished. Latency: 188285 ms
2026-04-03 06:06:17 [INFO] [Rank 3] Finished. Latency: 188297 ms
2026-04-03 06:06:21 [INFO] Total latency:     188285 ms
2026-04-03 06:06:21 [INFO] Peak 5GB memory:   4596 MB
2026-04-03 06:06:21 [INFO] Avg  5GB memory:   2701 MB
2026-04-03 06:06:21 [INFO] [35/35] Split [22, 10, 5, 3] | Batch: 16 | Microbatch: 2 | Microbatches: 8
2026-04-03 06:06:21 [INFO] Loading WikiText... (SEQ_LEN=64, BATCH=16)
2026-04-03 06:06:39 [INFO] [Rank 3] Loading weights...
2026-04-03 06:06:42 [INFO] [Rank 2] Loading weights...
2026-04-03 06:06:50 [INFO] [Rank 3] Weights loaded.
2026-04-03 06:06:53 [INFO] [Rank 1] Loading weights...
2026-04-03 06:06:54 [INFO] [Rank 2] Weights loaded.
2026-04-03 06:07:06 [INFO] [Rank 1] Weights loaded.
2026-04-03 06:07:21 [INFO] [Rank 0] Loading weights...
2026-04-03 06:07:35 [INFO] [Rank 0] Weights loaded.
2026-04-03 06:13:25 [INFO] [Rank 1] Finished. Latency: 350679 ms
2026-04-03 06:13:25 [INFO] [Rank 2] Finished. Latency: 350679 ms
2026-04-03 06:13:25 [INFO] [Rank 0] Finished. Latency: 350679 ms
2026-04-03 06:13:25 [INFO] [Rank 3] Finished. Latency: 350690 ms
2026-04-03 06:13:29 [INFO] Total latency:     350679 ms
2026-04-03 06:13:29 [INFO] Peak 5GB memory:   3074 MB
2026-04-03 06:13:29 [INFO] Avg  5GB memory:   2553 MB
2026-04-03 06:13:29 [INFO] --- Best by Latency ---
2026-04-03 06:13:29 [INFO] Split: [22, 10, 5, 3] | Batch: 8 | MB: 4 | Latency: 94638 ms | Peak R2: 4700 MB | Peak R3: 3504 MB
2026-04-03 06:13:29 [INFO] --- Most Memory Efficient (lowest peak 5GB at batch=64) ---
2026-04-03 06:13:29 [INFO] 0 configurations skipped due to OOM
2026-04-03 06:13:29 [INFO] Done.
2026-04-03 06:13:29 [INFO] Benchmark results → mig_benchmark_results.csv
2026-04-03 06:13:29 [INFO] Memory trace      → mig_memory_trace.csv
