2026-04-10 14:06:44 [INFO] Setting up DCGM monitor group...
2026-04-10 14:06:44 [INFO] [1/35] Split [20, 10, 5, 5] | Batch: 8 | Microbatch: 4 | Microbatches: 2
2026-04-10 14:06:44 [INFO] Loading WikiText... (SEQ_LEN=64, BATCH=8)
2026-04-10 14:07:05 [INFO] [Rank 2] Loading weights...
2026-04-10 14:07:07 [INFO] [Rank 3] Loading weights...
2026-04-10 14:07:07 [INFO] [Rank 2] Weights loaded.
2026-04-10 14:07:08 [INFO] [Rank 3] Weights loaded.
2026-04-10 14:07:17 [INFO] [Rank 1] Loading weights...
2026-04-10 14:07:19 [INFO] [Rank 1] Weights loaded.
2026-04-10 14:07:40 [INFO] [Rank 0] Loading weights...
2026-04-10 14:07:44 [INFO] [Rank 0] Weights loaded.
2026-04-10 14:09:28 [INFO] [Rank 1] Finished. Latency: 103132 ms
2026-04-10 14:09:28 [INFO] [Rank 2] Finished. Latency: 103132 ms
2026-04-10 14:09:28 [INFO] [Rank 0] Finished. Latency: 103132 ms
2026-04-10 14:09:28 [INFO] [Rank 3] Finished. Latency: 103151 ms
2026-04-10 14:09:32 [INFO] Total latency:     103132 ms
2026-04-10 14:09:32 [INFO] Peak 5GB memory:   4568 MB
2026-04-10 14:09:32 [INFO] Avg  5GB memory:   3497 MB
2026-04-10 14:09:32 [INFO] [2/35] Split [20, 10, 5, 5] | Batch: 8 | Microbatch: 2 | Microbatches: 4
2026-04-10 14:09:32 [INFO] Loading WikiText... (SEQ_LEN=64, BATCH=8)
2026-04-10 14:09:52 [INFO] [Rank 2] Loading weights...
2026-04-10 14:09:53 [INFO] [Rank 3] Loading weights...
2026-04-10 14:09:54 [INFO] [Rank 2] Weights loaded.
2026-04-10 14:09:55 [INFO] [Rank 3] Weights loaded.
2026-04-10 14:10:03 [INFO] [Rank 1] Loading weights...
2026-04-10 14:10:06 [INFO] [Rank 1] Weights loaded.
2026-04-10 14:10:27 [INFO] [Rank 0] Loading weights...
2026-04-10 14:10:31 [INFO] [Rank 0] Weights loaded.
2026-04-10 14:13:43 [INFO] [Rank 2] Finished. Latency: 191665 ms
2026-04-10 14:13:43 [INFO] [Rank 1] Finished. Latency: 191665 ms
2026-04-10 14:13:43 [INFO] [Rank 0] Finished. Latency: 191665 ms
2026-04-10 14:13:43 [INFO] [Rank 3] Finished. Latency: 191681 ms
2026-04-10 14:13:47 [INFO] Total latency:     191665 ms
2026-04-10 14:13:47 [INFO] Peak 5GB memory:   4162 MB
2026-04-10 14:13:47 [INFO] Avg  5GB memory:   3550 MB
2026-04-10 14:13:47 [INFO] [3/35] Split [20, 10, 5, 5] | Batch: 16 | Microbatch: 8 | Microbatches: 2
2026-04-10 14:13:47 [INFO] Loading WikiText... (SEQ_LEN=64, BATCH=16)
2026-04-10 14:14:08 [INFO] [Rank 2] Loading weights...
2026-04-10 14:14:09 [INFO] [Rank 2] Weights loaded.
2026-04-10 14:14:09 [INFO] [Rank 3] Loading weights...
2026-04-10 14:14:11 [INFO] [Rank 3] Weights loaded.
2026-04-10 14:14:19 [INFO] [Rank 1] Loading weights...
2026-04-10 14:14:22 [INFO] [Rank 1] Weights loaded.
2026-04-10 14:14:43 [INFO] [Rank 0] Loading weights...
2026-04-10 14:14:47 [INFO] [Rank 0] Weights loaded.
2026-04-10 14:16:45 [INFO] [Rank 2] Finished. Latency: 117723 ms
2026-04-10 14:16:45 [INFO] [Rank 1] Finished. Latency: 117723 ms
2026-04-10 14:16:45 [INFO] [Rank 0] Finished. Latency: 117723 ms
2026-04-10 14:16:45 [INFO] [Rank 3] Finished. Latency: 117747 ms
2026-04-10 14:16:49 [INFO] Total latency:     117723 ms
2026-04-10 14:16:49 [INFO] Peak 5GB memory:   4858 MB
2026-04-10 14:16:49 [INFO] Avg  5GB memory:   3808 MB
2026-04-10 14:16:49 [INFO] [4/35] Split [20, 10, 5, 5] | Batch: 16 | Microbatch: 4 | Microbatches: 4
2026-04-10 14:16:49 [INFO] Loading WikiText... (SEQ_LEN=64, BATCH=16)
2026-04-10 14:17:10 [INFO] [Rank 2] Loading weights...
2026-04-10 14:17:11 [INFO] [Rank 3] Loading weights...
2026-04-10 14:17:11 [INFO] [Rank 2] Weights loaded.
2026-04-10 14:17:12 [INFO] [Rank 3] Weights loaded.
2026-04-10 14:17:21 [INFO] [Rank 1] Loading weights...
2026-04-10 14:17:23 [INFO] [Rank 1] Weights loaded.
2026-04-10 14:17:44 [INFO] [Rank 0] Loading weights...
2026-04-10 14:17:48 [INFO] [Rank 0] Weights loaded.
2026-04-10 14:21:12 [INFO] [Rank 2] Finished. Latency: 203688 ms
2026-04-10 14:21:12 [INFO] [Rank 1] Finished. Latency: 203688 ms
2026-04-10 14:21:12 [INFO] [Rank 0] Finished. Latency: 203688 ms
2026-04-10 14:21:12 [INFO] [Rank 3] Finished. Latency: 203707 ms
2026-04-10 14:21:16 [INFO] Total latency:     203688 ms
2026-04-10 14:21:16 [INFO] Peak 5GB memory:   4856 MB
2026-04-10 14:21:16 [INFO] Avg  5GB memory:   3934 MB
2026-04-10 14:21:16 [INFO] [5/35] Split [20, 10, 5, 5] | Batch: 16 | Microbatch: 2 | Microbatches: 8
2026-04-10 14:21:16 [INFO] Loading WikiText... (SEQ_LEN=64, BATCH=16)
2026-04-10 14:21:36 [INFO] [Rank 2] Loading weights...
2026-04-10 14:21:37 [INFO] [Rank 3] Loading weights...
2026-04-10 14:21:38 [INFO] [Rank 2] Weights loaded.
2026-04-10 14:21:39 [INFO] [Rank 3] Weights loaded.
2026-04-10 14:21:47 [INFO] [Rank 1] Loading weights...
2026-04-10 14:21:50 [INFO] [Rank 1] Weights loaded.
2026-04-10 14:22:15 [INFO] [Rank 0] Loading weights...
2026-04-10 14:22:19 [INFO] [Rank 0] Weights loaded.
2026-04-10 14:28:40 [INFO] [Rank 2] Finished. Latency: 381724 ms
2026-04-10 14:28:40 [INFO] [Rank 1] Finished. Latency: 381724 ms
2026-04-10 14:28:40 [INFO] [Rank 0] Finished. Latency: 381724 ms
2026-04-10 14:28:40 [INFO] [Rank 3] Finished. Latency: 381741 ms
2026-04-10 14:28:44 [INFO] Total latency:     381724 ms
2026-04-10 14:28:44 [INFO] Peak 5GB memory:   4810 MB
2026-04-10 14:28:44 [INFO] Avg  5GB memory:   3952 MB
2026-04-10 14:28:44 [INFO] [6/35] Split [21, 9, 5, 5] | Batch: 8 | Microbatch: 4 | Microbatches: 2
2026-04-10 14:28:44 [INFO] Loading WikiText... (SEQ_LEN=64, BATCH=8)
2026-04-10 14:29:06 [INFO] [Rank 2] Loading weights...
2026-04-10 14:29:07 [INFO] [Rank 3] Loading weights...
2026-04-10 14:29:08 [INFO] [Rank 2] Weights loaded.
2026-04-10 14:29:08 [INFO] [Rank 3] Weights loaded.
2026-04-10 14:29:14 [INFO] [Rank 1] Loading weights...
2026-04-10 14:29:16 [INFO] [Rank 1] Weights loaded.
2026-04-10 14:29:42 [INFO] [Rank 0] Loading weights...
2026-04-10 14:29:47 [INFO] [Rank 0] Weights loaded.
2026-04-10 14:31:29 [INFO] [Rank 2] Finished. Latency: 102001 ms
2026-04-10 14:31:29 [INFO] [Rank 0] Finished. Latency: 102001 ms
2026-04-10 14:31:29 [INFO] [Rank 1] Finished. Latency: 102001 ms
2026-04-10 14:31:29 [INFO] [Rank 3] Finished. Latency: 102019 ms
2026-04-10 14:31:33 [INFO] Total latency:     102001 ms
2026-04-10 14:31:33 [INFO] Peak 5GB memory:   4742 MB
2026-04-10 14:31:33 [INFO] Avg  5GB memory:   3492 MB
2026-04-10 14:31:33 [INFO] [7/35] Split [21, 9, 5, 5] | Batch: 8 | Microbatch: 2 | Microbatches: 4
2026-04-10 14:31:33 [INFO] Loading WikiText... (SEQ_LEN=64, BATCH=8)
2026-04-10 14:31:53 [INFO] [Rank 2] Loading weights...
2026-04-10 14:31:54 [INFO] [Rank 3] Loading weights...
2026-04-10 14:31:55 [INFO] [Rank 2] Weights loaded.
2026-04-10 14:31:56 [INFO] [Rank 3] Weights loaded.
2026-04-10 14:32:02 [INFO] [Rank 1] Loading weights...
2026-04-10 14:32:05 [INFO] [Rank 1] Weights loaded.
2026-04-10 14:32:30 [INFO] [Rank 0] Loading weights...
2026-04-10 14:32:35 [INFO] [Rank 0] Weights loaded.
2026-04-10 14:35:45 [INFO] [Rank 1] Finished. Latency: 189711 ms
2026-04-10 14:35:45 [INFO] [Rank 2] Finished. Latency: 189711 ms
2026-04-10 14:35:45 [INFO] [Rank 0] Finished. Latency: 189711 ms
2026-04-10 14:35:45 [INFO] [Rank 3] Finished. Latency: 189728 ms
2026-04-10 14:35:48 [INFO] Total latency:     189711 ms
2026-04-10 14:35:48 [INFO] Peak 5GB memory:   4162 MB
2026-04-10 14:35:48 [INFO] Avg  5GB memory:   3549 MB
2026-04-10 14:35:48 [INFO] [8/35] Split [21, 9, 5, 5] | Batch: 16 | Microbatch: 8 | Microbatches: 2
2026-04-10 14:35:48 [INFO] Loading WikiText... (SEQ_LEN=64, BATCH=16)
2026-04-10 14:36:09 [INFO] [Rank 2] Loading weights...
2026-04-10 14:36:10 [INFO] [Rank 3] Loading weights...
2026-04-10 14:36:11 [INFO] [Rank 2] Weights loaded.
2026-04-10 14:36:12 [INFO] [Rank 3] Weights loaded.
2026-04-10 14:36:18 [INFO] [Rank 1] Loading weights...
2026-04-10 14:36:20 [INFO] [Rank 1] Weights loaded.
2026-04-10 14:36:46 [INFO] [Rank 0] Loading weights...
2026-04-10 14:36:50 [INFO] [Rank 0] Weights loaded.
2026-04-10 14:38:47 [INFO] [Rank 1] Finished. Latency: 116672 ms
2026-04-10 14:38:47 [INFO] [Rank 2] Finished. Latency: 116672 ms
2026-04-10 14:38:47 [INFO] [Rank 0] Finished. Latency: 116672 ms
2026-04-10 14:38:47 [INFO] [Rank 3] Finished. Latency: 116695 ms
2026-04-10 14:38:51 [INFO] Total latency:     116672 ms
2026-04-10 14:38:51 [INFO] Peak 5GB memory:   4858 MB
2026-04-10 14:38:51 [INFO] Avg  5GB memory:   3798 MB
2026-04-10 14:38:51 [INFO] [9/35] Split [21, 9, 5, 5] | Batch: 16 | Microbatch: 4 | Microbatches: 4
2026-04-10 14:38:51 [INFO] Loading WikiText... (SEQ_LEN=64, BATCH=16)
2026-04-10 14:39:12 [INFO] [Rank 2] Loading weights...
2026-04-10 14:39:13 [INFO] [Rank 3] Loading weights...
2026-04-10 14:39:13 [INFO] [Rank 2] Weights loaded.
2026-04-10 14:39:14 [INFO] [Rank 3] Weights loaded.
2026-04-10 14:39:21 [INFO] [Rank 1] Loading weights...
2026-04-10 14:39:23 [INFO] [Rank 1] Weights loaded.
2026-04-10 14:39:49 [INFO] [Rank 0] Loading weights...
2026-04-10 14:39:53 [INFO] [Rank 0] Weights loaded.
2026-04-10 14:43:16 [INFO] [Rank 2] Finished. Latency: 202791 ms
2026-04-10 14:43:16 [INFO] [Rank 1] Finished. Latency: 202791 ms
2026-04-10 14:43:16 [INFO] [Rank 0] Finished. Latency: 202790 ms
2026-04-10 14:43:16 [INFO] [Rank 3] Finished. Latency: 202809 ms
2026-04-10 14:43:20 [INFO] Total latency:     202790 ms
2026-04-10 14:43:20 [INFO] Peak 5GB memory:   4856 MB
2026-04-10 14:43:20 [INFO] Avg  5GB memory:   3925 MB
2026-04-10 14:43:20 [INFO] [10/35] Split [21, 9, 5, 5] | Batch: 16 | Microbatch: 2 | Microbatches: 8
2026-04-10 14:43:20 [INFO] Loading WikiText... (SEQ_LEN=64, BATCH=16)
2026-04-10 14:43:40 [INFO] [Rank 2] Loading weights...
2026-04-10 14:43:41 [INFO] [Rank 3] Loading weights...
2026-04-10 14:43:42 [INFO] [Rank 2] Weights loaded.
2026-04-10 14:43:43 [INFO] [Rank 3] Weights loaded.
2026-04-10 14:43:50 [INFO] [Rank 1] Loading weights...
2026-04-10 14:43:52 [INFO] [Rank 1] Weights loaded.
2026-04-10 14:44:18 [INFO] [Rank 0] Loading weights...
2026-04-10 14:44:22 [INFO] [Rank 0] Weights loaded.
2026-04-10 14:50:40 [INFO] [Rank 2] Finished. Latency: 377825 ms
2026-04-10 14:50:40 [INFO] [Rank 1] Finished. Latency: 377825 ms
2026-04-10 14:50:40 [INFO] [Rank 0] Finished. Latency: 377825 ms
2026-04-10 14:50:40 [INFO] [Rank 3] Finished. Latency: 377841 ms
2026-04-10 14:50:44 [INFO] Total latency:     377825 ms
2026-04-10 14:50:44 [INFO] Peak 5GB memory:   4810 MB
2026-04-10 14:50:44 [INFO] Avg  5GB memory:   3949 MB
2026-04-10 14:50:44 [INFO] [11/35] Split [21, 10, 5, 4] | Batch: 8 | Microbatch: 4 | Microbatches: 2
2026-04-10 14:50:44 [INFO] Loading WikiText... (SEQ_LEN=64, BATCH=8)
2026-04-10 14:51:04 [INFO] [Rank 3] Loading weights...
2026-04-10 14:51:05 [INFO] [Rank 2] Loading weights...
2026-04-10 14:51:06 [INFO] [Rank 3] Weights loaded.
2026-04-10 14:51:07 [INFO] [Rank 2] Weights loaded.
2026-04-10 14:51:16 [INFO] [Rank 1] Loading weights...
2026-04-10 14:51:19 [INFO] [Rank 1] Weights loaded.
2026-04-10 14:51:42 [INFO] [Rank 0] Loading weights...
2026-04-10 14:51:47 [INFO] [Rank 0] Weights loaded.
2026-04-10 14:53:27 [INFO] [Rank 2] Finished. Latency: 99889 ms
2026-04-10 14:53:27 [INFO] [Rank 1] Finished. Latency: 99889 ms
2026-04-10 14:53:27 [INFO] [Rank 0] Finished. Latency: 99889 ms
2026-04-10 14:53:27 [INFO] [Rank 3] Finished. Latency: 99905 ms
2026-04-10 14:53:31 [INFO] Total latency:     99889 ms
2026-04-10 14:53:31 [INFO] Peak 5GB memory:   4496 MB
2026-04-10 14:53:31 [INFO] Avg  5GB memory:   2957 MB
2026-04-10 14:53:31 [INFO] [12/35] Split [21, 10, 5, 4] | Batch: 8 | Microbatch: 2 | Microbatches: 4
2026-04-10 14:53:31 [INFO] Loading WikiText... (SEQ_LEN=64, BATCH=8)
2026-04-10 14:53:50 [INFO] [Rank 3] Loading weights...
2026-04-10 14:53:51 [INFO] [Rank 2] Loading weights...
2026-04-10 14:53:51 [INFO] [Rank 3] Weights loaded.
2026-04-10 14:53:53 [INFO] [Rank 2] Weights loaded.
2026-04-10 14:54:02 [INFO] [Rank 1] Loading weights...
2026-04-10 14:54:05 [INFO] [Rank 1] Weights loaded.
2026-04-10 14:54:28 [INFO] [Rank 0] Loading weights...
2026-04-10 14:54:32 [INFO] [Rank 0] Weights loaded.
2026-04-10 14:57:39 [INFO] [Rank 2] Finished. Latency: 185959 ms
2026-04-10 14:57:39 [INFO] [Rank 1] Finished. Latency: 185959 ms
2026-04-10 14:57:39 [INFO] [Rank 0] Finished. Latency: 185959 ms
2026-04-10 14:57:39 [INFO] [Rank 3] Finished. Latency: 185971 ms
2026-04-10 14:57:42 [INFO] Total latency:     185959 ms
2026-04-10 14:57:42 [INFO] Peak 5GB memory:   3426 MB
2026-04-10 14:57:42 [INFO] Avg  5GB memory:   2936 MB
2026-04-10 14:57:42 [INFO] [13/35] Split [21, 10, 5, 4] | Batch: 16 | Microbatch: 8 | Microbatches: 2
2026-04-10 14:57:42 [INFO] Loading WikiText... (SEQ_LEN=64, BATCH=16)
2026-04-10 14:58:02 [INFO] [Rank 3] Loading weights...
2026-04-10 14:58:03 [INFO] [Rank 3] Weights loaded.
2026-04-10 14:58:04 [INFO] [Rank 2] Loading weights...
2026-04-10 14:58:05 [INFO] [Rank 2] Weights loaded.
2026-04-10 14:58:15 [INFO] [Rank 1] Loading weights...
2026-04-10 14:58:17 [INFO] [Rank 1] Weights loaded.
2026-04-10 14:58:41 [INFO] [Rank 0] Loading weights...
2026-04-10 14:58:45 [INFO] [Rank 0] Weights loaded.
2026-04-10 15:00:39 [INFO] [Rank 2] Finished. Latency: 114027 ms
2026-04-10 15:00:39 [INFO] [Rank 1] Finished. Latency: 114027 ms
2026-04-10 15:00:39 [INFO] [Rank 0] Finished. Latency: 114027 ms
2026-04-10 15:00:39 [INFO] [Rank 3] Finished. Latency: 114046 ms
2026-04-10 15:00:43 [INFO] Total latency:     114027 ms
2026-04-10 15:00:43 [INFO] Peak 5GB memory:   4834 MB
2026-04-10 15:00:43 [INFO] Avg  5GB memory:   3312 MB
2026-04-10 15:00:43 [INFO] [14/35] Split [21, 10, 5, 4] | Batch: 16 | Microbatch: 4 | Microbatches: 4
2026-04-10 15:00:43 [INFO] Loading WikiText... (SEQ_LEN=64, BATCH=16)
2026-04-10 15:00:45 [WARNING] '('Connection broken: IncompleteRead(0 bytes read, 732606 more expected)', IncompleteRead(0 bytes read, 732606 more expected))' thrown while requesting GET https://huggingface.co/datasets/wikitext/resolve/b08601e04326c79dfdd32d625aee71d232d685c3/wikitext-2-raw-v1/test-00000-of-00001.parquet
2026-04-10 15:00:45 [WARNING] Retrying in 1s [Retry 1/5].
2026-04-10 15:01:05 [INFO] [Rank 3] Loading weights...
2026-04-10 15:01:06 [INFO] [Rank 3] Weights loaded.
2026-04-10 15:01:06 [INFO] [Rank 2] Loading weights...
2026-04-10 15:01:07 [INFO] [Rank 2] Weights loaded.
2026-04-10 15:01:17 [INFO] [Rank 1] Loading weights...
2026-04-10 15:01:19 [INFO] [Rank 1] Weights loaded.
2026-04-10 15:01:43 [INFO] [Rank 0] Loading weights...
2026-04-10 15:01:47 [INFO] [Rank 0] Weights loaded.
2026-04-10 15:05:06 [INFO] [Rank 2] Finished. Latency: 198413 ms
2026-04-10 15:05:06 [INFO] [Rank 1] Finished. Latency: 198413 ms
2026-04-10 15:05:06 [INFO] [Rank 0] Finished. Latency: 198413 ms
2026-04-10 15:05:06 [INFO] [Rank 3] Finished. Latency: 198428 ms
2026-04-10 15:05:10 [INFO] Total latency:     198413 ms
2026-04-10 15:05:10 [INFO] Peak 5GB memory:   4692 MB
2026-04-10 15:05:10 [INFO] Avg  5GB memory:   3341 MB
2026-04-10 15:05:10 [INFO] [15/35] Split [21, 10, 5, 4] | Batch: 16 | Microbatch: 2 | Microbatches: 8
2026-04-10 15:05:10 [INFO] Loading WikiText... (SEQ_LEN=64, BATCH=16)
2026-04-10 15:05:29 [INFO] [Rank 3] Loading weights...
2026-04-10 15:05:30 [INFO] [Rank 2] Loading weights...
2026-04-10 15:05:31 [INFO] [Rank 3] Weights loaded.
2026-04-10 15:05:32 [INFO] [Rank 2] Weights loaded.
2026-04-10 15:05:42 [INFO] [Rank 1] Loading weights...
2026-04-10 15:05:44 [INFO] [Rank 1] Weights loaded.
2026-04-10 15:06:08 [INFO] [Rank 0] Loading weights...
2026-04-10 15:06:12 [INFO] [Rank 0] Weights loaded.
2026-04-10 15:12:22 [INFO] [Rank 1] Finished. Latency: 369914 ms
2026-04-10 15:12:22 [INFO] [Rank 2] Finished. Latency: 369915 ms
2026-04-10 15:12:22 [INFO] [Rank 0] Finished. Latency: 369915 ms
2026-04-10 15:12:22 [INFO] [Rank 3] Finished. Latency: 369928 ms
2026-04-10 15:12:26 [INFO] Total latency:     369915 ms
2026-04-10 15:12:26 [INFO] Peak 5GB memory:   3946 MB
2026-04-10 15:12:26 [INFO] Avg  5GB memory:   3258 MB
2026-04-10 15:12:26 [INFO] [16/35] Split [22, 8, 5, 5] | Batch: 8 | Microbatch: 4 | Microbatches: 2
2026-04-10 15:12:26 [INFO] Loading WikiText... (SEQ_LEN=64, BATCH=8)
2026-04-10 15:12:29 [WARNING] '('Connection broken: IncompleteRead(0 bytes read, 732606 more expected)', IncompleteRead(0 bytes read, 732606 more expected))' thrown while requesting GET https://huggingface.co/datasets/wikitext/resolve/b08601e04326c79dfdd32d625aee71d232d685c3/wikitext-2-raw-v1/test-00000-of-00001.parquet
2026-04-10 15:12:29 [WARNING] Retrying in 1s [Retry 1/5].
2026-04-10 15:12:50 [INFO] [Rank 2] Loading weights...
2026-04-10 15:12:51 [INFO] [Rank 3] Loading weights...
2026-04-10 15:12:51 [INFO] [Rank 2] Weights loaded.
2026-04-10 15:12:52 [INFO] [Rank 3] Weights loaded.
2026-04-10 15:12:56 [INFO] [Rank 1] Loading weights...
2026-04-10 15:12:58 [INFO] [Rank 1] Weights loaded.
2026-04-10 15:13:29 [INFO] [Rank 0] Loading weights...
2026-04-10 15:13:33 [INFO] [Rank 0] Weights loaded.
2026-04-10 15:15:14 [INFO] [Rank 0] Finished. Latency: 100961 ms
2026-04-10 15:15:14 [INFO] [Rank 1] Finished. Latency: 100961 ms
2026-04-10 15:15:14 [INFO] [Rank 2] Finished. Latency: 100961 ms
2026-04-10 15:15:14 [INFO] [Rank 3] Finished. Latency: 100980 ms
2026-04-10 15:15:18 [INFO] Total latency:     100961 ms
2026-04-10 15:15:18 [INFO] Peak 5GB memory:   4568 MB
2026-04-10 15:15:18 [INFO] Avg  5GB memory:   3494 MB
2026-04-10 15:15:18 [INFO] [17/35] Split [22, 8, 5, 5] | Batch: 8 | Microbatch: 2 | Microbatches: 4
2026-04-10 15:15:18 [INFO] Loading WikiText... (SEQ_LEN=64, BATCH=8)
2026-04-10 15:15:20 [WARNING] '('Connection broken: IncompleteRead(0 bytes read, 65536 more expected)', IncompleteRead(0 bytes read, 65536 more expected))' thrown while requesting GET https://huggingface.co/datasets/wikitext/resolve/b08601e04326c79dfdd32d625aee71d232d685c3/wikitext-2-raw-v1/test-00000-of-00001.parquet
2026-04-10 15:15:20 [WARNING] Retrying in 1s [Retry 1/5].
2026-04-10 15:15:42 [INFO] [Rank 2] Loading weights...
2026-04-10 15:15:43 [INFO] [Rank 3] Loading weights...
2026-04-10 15:15:43 [INFO] [Rank 2] Weights loaded.
2026-04-10 15:15:45 [INFO] [Rank 3] Weights loaded.
2026-04-10 15:15:49 [INFO] [Rank 1] Loading weights...
2026-04-10 15:15:51 [INFO] [Rank 1] Weights loaded.
2026-04-10 15:16:21 [INFO] [Rank 0] Loading weights...
2026-04-10 15:16:26 [INFO] [Rank 0] Weights loaded.
2026-04-10 15:19:34 [INFO] [Rank 2] Finished. Latency: 187851 ms
2026-04-10 15:19:34 [INFO] [Rank 0] Finished. Latency: 187851 ms
2026-04-10 15:19:34 [INFO] [Rank 1] Finished. Latency: 187851 ms
2026-04-10 15:19:34 [INFO] [Rank 3] Finished. Latency: 187868 ms
2026-04-10 15:19:38 [INFO] Total latency:     187851 ms
2026-04-10 15:19:38 [INFO] Peak 5GB memory:   4162 MB
2026-04-10 15:19:38 [INFO] Avg  5GB memory:   3533 MB
2026-04-10 15:19:38 [INFO] [18/35] Split [22, 8, 5, 5] | Batch: 16 | Microbatch: 8 | Microbatches: 2
2026-04-10 15:19:38 [INFO] Loading WikiText... (SEQ_LEN=64, BATCH=16)
2026-04-10 15:19:59 [INFO] [Rank 2] Loading weights...
2026-04-10 15:20:00 [INFO] [Rank 3] Loading weights...
2026-04-10 15:20:00 [INFO] [Rank 2] Weights loaded.
2026-04-10 15:20:01 [INFO] [Rank 3] Weights loaded.
2026-04-10 15:20:06 [INFO] [Rank 1] Loading weights...
2026-04-10 15:20:08 [INFO] [Rank 1] Weights loaded.
2026-04-10 15:20:38 [INFO] [Rank 0] Loading weights...
2026-04-10 15:20:43 [INFO] [Rank 0] Weights loaded.
2026-04-10 15:22:39 [INFO] [Rank 1] Finished. Latency: 115790 ms
2026-04-10 15:22:39 [INFO] [Rank 2] Finished. Latency: 115790 ms
2026-04-10 15:22:39 [INFO] [Rank 0] Finished. Latency: 115790 ms
2026-04-10 15:22:39 [INFO] [Rank 3] Finished. Latency: 115813 ms
2026-04-10 15:22:43 [INFO] Total latency:     115790 ms
2026-04-10 15:22:43 [INFO] Peak 5GB memory:   4860 MB
2026-04-10 15:22:43 [INFO] Avg  5GB memory:   3781 MB
2026-04-10 15:22:43 [INFO] [19/35] Split [22, 8, 5, 5] | Batch: 16 | Microbatch: 4 | Microbatches: 4
2026-04-10 15:22:43 [INFO] Loading WikiText... (SEQ_LEN=64, BATCH=16)
2026-04-10 15:23:04 [INFO] [Rank 2] Loading weights...
2026-04-10 15:23:05 [INFO] [Rank 3] Loading weights...
2026-04-10 15:23:05 [INFO] [Rank 2] Weights loaded.
2026-04-10 15:23:07 [INFO] [Rank 3] Weights loaded.
2026-04-10 15:23:11 [INFO] [Rank 1] Loading weights...
2026-04-10 15:23:13 [INFO] [Rank 1] Weights loaded.
2026-04-10 15:23:43 [INFO] [Rank 0] Loading weights...
2026-04-10 15:23:48 [INFO] [Rank 0] Weights loaded.
2026-04-10 15:27:09 [INFO] [Rank 2] Finished. Latency: 200638 ms
2026-04-10 15:27:09 [INFO] [Rank 1] Finished. Latency: 200638 ms
2026-04-10 15:27:09 [INFO] [Rank 0] Finished. Latency: 200638 ms
2026-04-10 15:27:09 [INFO] [Rank 3] Finished. Latency: 200657 ms
2026-04-10 15:27:12 [INFO] Total latency:     200638 ms
2026-04-10 15:27:12 [INFO] Peak 5GB memory:   4856 MB
2026-04-10 15:27:12 [INFO] Avg  5GB memory:   3913 MB
2026-04-10 15:27:12 [INFO] [20/35] Split [22, 8, 5, 5] | Batch: 16 | Microbatch: 2 | Microbatches: 8
2026-04-10 15:27:12 [INFO] Loading WikiText... (SEQ_LEN=64, BATCH=16)
2026-04-10 15:27:34 [INFO] [Rank 2] Loading weights...
2026-04-10 15:27:35 [INFO] [Rank 3] Loading weights...
2026-04-10 15:27:35 [INFO] [Rank 2] Weights loaded.
2026-04-10 15:27:36 [INFO] [Rank 3] Weights loaded.
2026-04-10 15:27:40 [INFO] [Rank 1] Loading weights...
2026-04-10 15:27:42 [INFO] [Rank 1] Weights loaded.
2026-04-10 15:28:13 [INFO] [Rank 0] Loading weights...
2026-04-10 15:28:18 [INFO] [Rank 0] Weights loaded.
2026-04-10 15:34:32 [INFO] [Rank 1] Finished. Latency: 373873 ms
2026-04-10 15:34:32 [INFO] [Rank 0] Finished. Latency: 373874 ms
2026-04-10 15:34:32 [INFO] [Rank 2] Finished. Latency: 373873 ms
2026-04-10 15:34:32 [INFO] [Rank 3] Finished. Latency: 373889 ms
2026-04-10 15:34:36 [INFO] Total latency:     373874 ms
2026-04-10 15:34:36 [INFO] Peak 5GB memory:   4810 MB
2026-04-10 15:34:36 [INFO] Avg  5GB memory:   3940 MB
2026-04-10 15:34:36 [INFO] [21/35] Split [22, 9, 5, 4] | Batch: 8 | Microbatch: 4 | Microbatches: 2
2026-04-10 15:34:36 [INFO] Loading WikiText... (SEQ_LEN=64, BATCH=8)
2026-04-10 15:34:55 [INFO] [Rank 3] Loading weights...
2026-04-10 15:34:57 [INFO] [Rank 3] Weights loaded.
2026-04-10 15:34:57 [INFO] [Rank 2] Loading weights...
2026-04-10 15:34:58 [INFO] [Rank 2] Weights loaded.
2026-04-10 15:35:06 [INFO] [Rank 1] Loading weights...
2026-04-10 15:35:08 [INFO] [Rank 1] Weights loaded.
2026-04-10 15:35:36 [INFO] [Rank 0] Loading weights...
2026-04-10 15:35:40 [INFO] [Rank 0] Weights loaded.
2026-04-10 15:37:20 [INFO] [Rank 1] Finished. Latency: 98926 ms
2026-04-10 15:37:20 [INFO] [Rank 2] Finished. Latency: 98926 ms
2026-04-10 15:37:20 [INFO] [Rank 0] Finished. Latency: 98926 ms
2026-04-10 15:37:20 [INFO] [Rank 3] Finished. Latency: 98941 ms
2026-04-10 15:37:23 [INFO] Total latency:     98926 ms
2026-04-10 15:37:23 [INFO] Peak 5GB memory:   4496 MB
2026-04-10 15:37:23 [INFO] Avg  5GB memory:   2945 MB
2026-04-10 15:37:23 [INFO] [22/35] Split [22, 9, 5, 4] | Batch: 8 | Microbatch: 2 | Microbatches: 4
2026-04-10 15:37:23 [INFO] Loading WikiText... (SEQ_LEN=64, BATCH=8)
2026-04-10 15:37:42 [INFO] [Rank 3] Loading weights...
2026-04-10 15:37:44 [INFO] [Rank 2] Loading weights...
2026-04-10 15:37:44 [INFO] [Rank 3] Weights loaded.
2026-04-10 15:37:45 [INFO] [Rank 2] Weights loaded.
2026-04-10 15:37:53 [INFO] [Rank 1] Loading weights...
2026-04-10 15:37:55 [INFO] [Rank 1] Weights loaded.
2026-04-10 15:38:23 [INFO] [Rank 0] Loading weights...
2026-04-10 15:38:27 [INFO] [Rank 0] Weights loaded.
2026-04-10 15:41:31 [INFO] [Rank 2] Finished. Latency: 183933 ms
2026-04-10 15:41:31 [INFO] [Rank 0] Finished. Latency: 183933 ms
2026-04-10 15:41:31 [INFO] [Rank 1] Finished. Latency: 183933 ms
2026-04-10 15:41:31 [INFO] [Rank 3] Finished. Latency: 183946 ms
2026-04-10 15:41:35 [INFO] Total latency:     183933 ms
2026-04-10 15:41:35 [INFO] Peak 5GB memory:   3482 MB
2026-04-10 15:41:35 [INFO] Avg  5GB memory:   2941 MB
2026-04-10 15:41:35 [INFO] [23/35] Split [22, 9, 5, 4] | Batch: 16 | Microbatch: 8 | Microbatches: 2
2026-04-10 15:41:35 [INFO] Loading WikiText... (SEQ_LEN=64, BATCH=16)
2026-04-10 15:41:38 [WARNING] '('Connection broken: IncompleteRead(0 bytes read, 65536 more expected)', IncompleteRead(0 bytes read, 65536 more expected))' thrown while requesting GET https://huggingface.co/datasets/wikitext/resolve/b08601e04326c79dfdd32d625aee71d232d685c3/wikitext-2-raw-v1/test-00000-of-00001.parquet
2026-04-10 15:41:38 [WARNING] Retrying in 1s [Retry 1/5].
2026-04-10 15:41:58 [INFO] [Rank 3] Loading weights...
2026-04-10 15:41:59 [INFO] [Rank 2] Loading weights...
2026-04-10 15:41:59 [INFO] [Rank 3] Weights loaded.
2026-04-10 15:42:00 [INFO] [Rank 2] Weights loaded.
2026-04-10 15:42:08 [INFO] [Rank 1] Loading weights...
2026-04-10 15:42:10 [INFO] [Rank 1] Weights loaded.
2026-04-10 15:42:38 [INFO] [Rank 0] Loading weights...
2026-04-10 15:42:42 [INFO] [Rank 0] Weights loaded.
2026-04-10 15:44:36 [INFO] [Rank 1] Finished. Latency: 113288 ms
2026-04-10 15:44:36 [INFO] [Rank 0] Finished. Latency: 113288 ms
2026-04-10 15:44:36 [INFO] [Rank 2] Finished. Latency: 113287 ms
2026-04-10 15:44:36 [INFO] [Rank 3] Finished. Latency: 113307 ms
2026-04-10 15:44:39 [INFO] Total latency:     113288 ms
2026-04-10 15:44:39 [INFO] Peak 5GB memory:   4834 MB
2026-04-10 15:44:39 [INFO] Avg  5GB memory:   3317 MB
2026-04-10 15:44:39 [INFO] [24/35] Split [22, 9, 5, 4] | Batch: 16 | Microbatch: 4 | Microbatches: 4
2026-04-10 15:44:39 [INFO] Loading WikiText... (SEQ_LEN=64, BATCH=16)
2026-04-10 15:44:59 [INFO] [Rank 3] Loading weights...
2026-04-10 15:45:01 [INFO] [Rank 2] Loading weights...
2026-04-10 15:45:01 [INFO] [Rank 3] Weights loaded.
2026-04-10 15:45:02 [INFO] [Rank 2] Weights loaded.
2026-04-10 15:45:10 [INFO] [Rank 1] Loading weights...
2026-04-10 15:45:12 [INFO] [Rank 1] Weights loaded.
2026-04-10 15:45:40 [INFO] [Rank 0] Loading weights...
2026-04-10 15:45:45 [INFO] [Rank 0] Weights loaded.
2026-04-10 15:49:01 [INFO] [Rank 2] Finished. Latency: 196518 ms
2026-04-10 15:49:01 [INFO] [Rank 1] Finished. Latency: 196518 ms
2026-04-10 15:49:01 [INFO] [Rank 0] Finished. Latency: 196518 ms
2026-04-10 15:49:01 [INFO] [Rank 3] Finished. Latency: 196534 ms
2026-04-10 15:49:05 [INFO] Total latency:     196518 ms
2026-04-10 15:49:05 [INFO] Peak 5GB memory:   4692 MB
2026-04-10 15:49:05 [INFO] Avg  5GB memory:   3324 MB
2026-04-10 15:49:05 [INFO] [25/35] Split [22, 9, 5, 4] | Batch: 16 | Microbatch: 2 | Microbatches: 8
2026-04-10 15:49:05 [INFO] Loading WikiText... (SEQ_LEN=64, BATCH=16)
2026-04-10 15:49:25 [INFO] [Rank 3] Loading weights...
2026-04-10 15:49:26 [INFO] [Rank 2] Loading weights...
2026-04-10 15:49:26 [INFO] [Rank 3] Weights loaded.
2026-04-10 15:49:27 [INFO] [Rank 2] Weights loaded.
2026-04-10 15:49:35 [INFO] [Rank 1] Loading weights...
2026-04-10 15:49:37 [INFO] [Rank 1] Weights loaded.
2026-04-10 15:50:05 [INFO] [Rank 0] Loading weights...
2026-04-10 15:50:10 [INFO] [Rank 0] Weights loaded.
2026-04-10 15:56:16 [INFO] [Rank 2] Finished. Latency: 366119 ms
2026-04-10 15:56:16 [INFO] [Rank 1] Finished. Latency: 366119 ms
2026-04-10 15:56:16 [INFO] [Rank 0] Finished. Latency: 366119 ms
2026-04-10 15:56:16 [INFO] [Rank 3] Finished. Latency: 366132 ms
2026-04-10 15:56:20 [INFO] Total latency:     366119 ms
2026-04-10 15:56:20 [INFO] Peak 5GB memory:   3946 MB
2026-04-10 15:56:20 [INFO] Avg  5GB memory:   3252 MB
2026-04-10 15:56:20 [INFO] [26/35] Split [22, 10, 4, 4] | Batch: 8 | Microbatch: 4 | Microbatches: 2
2026-04-10 15:56:20 [INFO] Loading WikiText... (SEQ_LEN=64, BATCH=8)
2026-04-10 15:56:39 [INFO] [Rank 2] Loading weights...
2026-04-10 15:56:41 [INFO] [Rank 3] Loading weights...
2026-04-10 15:56:41 [INFO] [Rank 2] Weights loaded.
2026-04-10 15:56:42 [INFO] [Rank 3] Weights loaded.
2026-04-10 15:56:53 [INFO] [Rank 1] Loading weights...
2026-04-10 15:56:55 [INFO] [Rank 1] Weights loaded.
2026-04-10 15:57:21 [INFO] [Rank 0] Loading weights...
2026-04-10 15:57:25 [INFO] [Rank 0] Weights loaded.
2026-04-10 15:59:01 [INFO] [Rank 2] Finished. Latency: 95573 ms
2026-04-10 15:59:01 [INFO] [Rank 0] Finished. Latency: 95573 ms
2026-04-10 15:59:01 [INFO] [Rank 1] Finished. Latency: 95573 ms
2026-04-10 15:59:01 [INFO] [Rank 3] Finished. Latency: 95589 ms
2026-04-10 15:59:05 [INFO] Total latency:     95573 ms
2026-04-10 15:59:05 [INFO] Peak 5GB memory:   4496 MB
2026-04-10 15:59:05 [INFO] Avg  5GB memory:   2937 MB
2026-04-10 15:59:05 [INFO] [27/35] Split [22, 10, 4, 4] | Batch: 8 | Microbatch: 2 | Microbatches: 4
2026-04-10 15:59:05 [INFO] Loading WikiText... (SEQ_LEN=64, BATCH=8)
2026-04-10 15:59:07 [WARNING] '('Connection broken: IncompleteRead(0 bytes read, 65536 more expected)', IncompleteRead(0 bytes read, 65536 more expected))' thrown while requesting GET https://huggingface.co/datasets/wikitext/resolve/b08601e04326c79dfdd32d625aee71d232d685c3/wikitext-2-raw-v1/test-00000-of-00001.parquet
2026-04-10 15:59:07 [WARNING] Retrying in 1s [Retry 1/5].
2026-04-10 15:59:10 [WARNING] '('Connection broken: IncompleteRead(0 bytes read, 732606 more expected)', IncompleteRead(0 bytes read, 732606 more expected))' thrown while requesting GET https://huggingface.co/datasets/wikitext/resolve/b08601e04326c79dfdd32d625aee71d232d685c3/wikitext-2-raw-v1/test-00000-of-00001.parquet
2026-04-10 15:59:10 [WARNING] Retrying in 1s [Retry 1/5].
2026-04-10 15:59:27 [INFO] [Rank 2] Loading weights...
2026-04-10 15:59:28 [INFO] [Rank 3] Loading weights...
2026-04-10 15:59:28 [INFO] [Rank 2] Weights loaded.
2026-04-10 15:59:30 [INFO] [Rank 3] Weights loaded.
2026-04-10 15:59:41 [INFO] [Rank 1] Loading weights...
2026-04-10 15:59:43 [INFO] [Rank 1] Weights loaded.
2026-04-10 16:00:08 [INFO] [Rank 0] Loading weights...
2026-04-10 16:00:13 [INFO] [Rank 0] Weights loaded.
2026-04-10 16:03:13 [INFO] [Rank 1] Finished. Latency: 180215 ms
2026-04-10 16:03:13 [INFO] [Rank 2] Finished. Latency: 180215 ms
2026-04-10 16:03:13 [INFO] [Rank 0] Finished. Latency: 180215 ms
2026-04-10 16:03:13 [INFO] [Rank 3] Finished. Latency: 180228 ms
2026-04-10 16:03:17 [INFO] Total latency:     180215 ms
2026-04-10 16:03:17 [INFO] Peak 5GB memory:   3426 MB
2026-04-10 16:03:17 [INFO] Avg  5GB memory:   2940 MB
2026-04-10 16:03:17 [INFO] [28/35] Split [22, 10, 4, 4] | Batch: 16 | Microbatch: 8 | Microbatches: 2
2026-04-10 16:03:17 [INFO] Loading WikiText... (SEQ_LEN=64, BATCH=16)
2026-04-10 16:03:36 [INFO] [Rank 2] Loading weights...
2026-04-10 16:03:37 [INFO] [Rank 3] Loading weights...
2026-04-10 16:03:37 [INFO] [Rank 2] Weights loaded.
2026-04-10 16:03:38 [INFO] [Rank 3] Weights loaded.
2026-04-10 16:03:50 [INFO] [Rank 1] Loading weights...
2026-04-10 16:03:52 [INFO] [Rank 1] Weights loaded.
2026-04-10 16:04:17 [INFO] [Rank 0] Loading weights...
2026-04-10 16:04:22 [INFO] [Rank 0] Weights loaded.
2026-04-10 16:06:13 [INFO] [Rank 1] Finished. Latency: 110703 ms
2026-04-10 16:06:13 [INFO] [Rank 2] Finished. Latency: 110703 ms
2026-04-10 16:06:13 [INFO] [Rank 0] Finished. Latency: 110703 ms
2026-04-10 16:06:13 [INFO] [Rank 3] Finished. Latency: 110722 ms
2026-04-10 16:06:17 [INFO] Total latency:     110703 ms
2026-04-10 16:06:17 [INFO] Peak 5GB memory:   4834 MB
2026-04-10 16:06:17 [INFO] Avg  5GB memory:   3301 MB
2026-04-10 16:06:17 [INFO] [29/35] Split [22, 10, 4, 4] | Batch: 16 | Microbatch: 4 | Microbatches: 4
2026-04-10 16:06:17 [INFO] Loading WikiText... (SEQ_LEN=64, BATCH=16)
2026-04-10 16:06:35 [INFO] [Rank 2] Loading weights...
2026-04-10 16:06:36 [INFO] [Rank 3] Loading weights...
2026-04-10 16:06:36 [INFO] [Rank 2] Weights loaded.
2026-04-10 16:06:37 [INFO] [Rank 3] Weights loaded.
2026-04-10 16:06:48 [INFO] [Rank 1] Loading weights...
2026-04-10 16:06:51 [INFO] [Rank 1] Weights loaded.
2026-04-10 16:07:16 [INFO] [Rank 0] Loading weights...
2026-04-10 16:07:21 [INFO] [Rank 0] Weights loaded.
2026-04-10 16:10:34 [INFO] [Rank 1] Finished. Latency: 192428 ms
2026-04-10 16:10:34 [INFO] [Rank 2] Finished. Latency: 192428 ms
2026-04-10 16:10:34 [INFO] [Rank 0] Finished. Latency: 192428 ms
2026-04-10 16:10:34 [INFO] [Rank 3] Finished. Latency: 192443 ms
2026-04-10 16:10:37 [INFO] Total latency:     192428 ms
2026-04-10 16:10:37 [INFO] Peak 5GB memory:   4692 MB
2026-04-10 16:10:37 [INFO] Avg  5GB memory:   3328 MB
2026-04-10 16:10:37 [INFO] [30/35] Split [22, 10, 4, 4] | Batch: 16 | Microbatch: 2 | Microbatches: 8
2026-04-10 16:10:37 [INFO] Loading WikiText... (SEQ_LEN=64, BATCH=16)
2026-04-10 16:10:56 [INFO] [Rank 2] Loading weights...
2026-04-10 16:10:57 [INFO] [Rank 3] Loading weights...
2026-04-10 16:10:57 [INFO] [Rank 2] Weights loaded.
2026-04-10 16:10:58 [INFO] [Rank 3] Weights loaded.
2026-04-10 16:11:09 [INFO] [Rank 1] Loading weights...
2026-04-10 16:11:12 [INFO] [Rank 1] Weights loaded.
2026-04-10 16:11:37 [INFO] [Rank 0] Loading weights...
2026-04-10 16:11:42 [INFO] [Rank 0] Weights loaded.
2026-04-10 16:17:41 [INFO] [Rank 1] Finished. Latency: 359084 ms
2026-04-10 16:17:41 [INFO] [Rank 0] Finished. Latency: 359084 ms
2026-04-10 16:17:41 [INFO] [Rank 2] Finished. Latency: 359084 ms
2026-04-10 16:17:41 [INFO] [Rank 3] Finished. Latency: 359096 ms
2026-04-10 16:17:45 [INFO] Total latency:     359084 ms
2026-04-10 16:17:45 [INFO] Peak 5GB memory:   3946 MB
2026-04-10 16:17:45 [INFO] Avg  5GB memory:   3253 MB
2026-04-10 16:17:45 [INFO] [31/35] Split [22, 10, 5, 3] | Batch: 8 | Microbatch: 4 | Microbatches: 2
2026-04-10 16:17:45 [INFO] Loading WikiText... (SEQ_LEN=64, BATCH=8)
2026-04-10 16:18:03 [INFO] [Rank 3] Loading weights...
2026-04-10 16:18:04 [INFO] [Rank 3] Weights loaded.
2026-04-10 16:18:06 [INFO] [Rank 2] Loading weights...
2026-04-10 16:18:07 [INFO] [Rank 2] Weights loaded.
2026-04-10 16:18:17 [INFO] [Rank 1] Loading weights...
2026-04-10 16:18:20 [INFO] [Rank 1] Weights loaded.
2026-04-10 16:18:45 [INFO] [Rank 0] Loading weights...
2026-04-10 16:18:50 [INFO] [Rank 0] Weights loaded.
2026-04-10 16:20:27 [INFO] [Rank 2] Finished. Latency: 96922 ms
2026-04-10 16:20:27 [INFO] [Rank 1] Finished. Latency: 96922 ms
2026-04-10 16:20:27 [INFO] [Rank 0] Finished. Latency: 96922 ms
2026-04-10 16:20:27 [INFO] [Rank 3] Finished. Latency: 96935 ms
2026-04-10 16:20:31 [INFO] Total latency:     96922 ms
2026-04-10 16:20:31 [INFO] Peak 5GB memory:   3504 MB
2026-04-10 16:20:31 [INFO] Avg  5GB memory:   2336 MB
2026-04-10 16:20:31 [INFO] [32/35] Split [22, 10, 5, 3] | Batch: 8 | Microbatch: 2 | Microbatches: 4
2026-04-10 16:20:31 [INFO] Loading WikiText... (SEQ_LEN=64, BATCH=8)
2026-04-10 16:20:48 [INFO] [Rank 3] Loading weights...
2026-04-10 16:20:49 [INFO] [Rank 3] Weights loaded.
2026-04-10 16:20:51 [INFO] [Rank 2] Loading weights...
2026-04-10 16:20:53 [INFO] [Rank 2] Weights loaded.
2026-04-10 16:21:03 [INFO] [Rank 1] Loading weights...
2026-04-10 16:21:05 [INFO] [Rank 1] Weights loaded.
2026-04-10 16:21:30 [INFO] [Rank 0] Loading weights...
2026-04-10 16:21:35 [INFO] [Rank 0] Weights loaded.
2026-04-10 16:24:35 [INFO] [Rank 2] Finished. Latency: 180269 ms
2026-04-10 16:24:35 [INFO] [Rank 1] Finished. Latency: 180269 ms
2026-04-10 16:24:35 [INFO] [Rank 0] Finished. Latency: 180269 ms
2026-04-10 16:24:35 [INFO] [Rank 3] Finished. Latency: 180280 ms
2026-04-10 16:24:39 [INFO] Total latency:     180269 ms
2026-04-10 16:24:39 [INFO] Peak 5GB memory:   2874 MB
2026-04-10 16:24:39 [INFO] Avg  5GB memory:   2316 MB
2026-04-10 16:24:39 [INFO] [33/35] Split [22, 10, 5, 3] | Batch: 16 | Microbatch: 8 | Microbatches: 2
2026-04-10 16:24:39 [INFO] Loading WikiText... (SEQ_LEN=64, BATCH=16)
2026-04-10 16:24:57 [INFO] [Rank 3] Loading weights...
2026-04-10 16:24:58 [INFO] [Rank 3] Weights loaded.
2026-04-10 16:25:00 [INFO] [Rank 2] Loading weights...
2026-04-10 16:25:02 [INFO] [Rank 2] Weights loaded.
2026-04-10 16:25:11 [INFO] [Rank 1] Loading weights...
2026-04-10 16:25:14 [INFO] [Rank 1] Weights loaded.
2026-04-10 16:25:40 [INFO] [Rank 0] Loading weights...
2026-04-10 16:25:44 [INFO] [Rank 0] Weights loaded.
2026-04-10 16:27:35 [INFO] [Rank 2] Finished. Latency: 110752 ms
2026-04-10 16:27:35 [INFO] [Rank 1] Finished. Latency: 110752 ms
2026-04-10 16:27:35 [INFO] [Rank 0] Finished. Latency: 110752 ms
2026-04-10 16:27:35 [INFO] [Rank 3] Finished. Latency: 110766 ms
2026-04-10 16:27:39 [INFO] Total latency:     110752 ms
2026-04-10 16:27:39 [INFO] Peak 5GB memory:   4774 MB
2026-04-10 16:27:39 [INFO] Avg  5GB memory:   2842 MB
2026-04-10 16:27:39 [INFO] [34/35] Split [22, 10, 5, 3] | Batch: 16 | Microbatch: 4 | Microbatches: 4
2026-04-10 16:27:39 [INFO] Loading WikiText... (SEQ_LEN=64, BATCH=16)
2026-04-10 16:27:56 [INFO] [Rank 3] Loading weights...
2026-04-10 16:27:57 [INFO] [Rank 3] Weights loaded.
2026-04-10 16:27:59 [INFO] [Rank 2] Loading weights...
2026-04-10 16:28:01 [INFO] [Rank 2] Weights loaded.
2026-04-10 16:28:11 [INFO] [Rank 1] Loading weights...
2026-04-10 16:28:13 [INFO] [Rank 1] Weights loaded.
2026-04-10 16:28:39 [INFO] [Rank 0] Loading weights...
2026-04-10 16:28:43 [INFO] [Rank 0] Weights loaded.
2026-04-10 16:31:55 [INFO] [Rank 2] Finished. Latency: 191941 ms
2026-04-10 16:31:55 [INFO] [Rank 1] Finished. Latency: 191941 ms
2026-04-10 16:31:55 [INFO] [Rank 0] Finished. Latency: 191941 ms
2026-04-10 16:31:55 [INFO] [Rank 3] Finished. Latency: 191953 ms
2026-04-10 16:31:59 [INFO] Total latency:     191941 ms
2026-04-10 16:31:59 [INFO] Peak 5GB memory:   4596 MB
2026-04-10 16:31:59 [INFO] Avg  5GB memory:   2716 MB
2026-04-10 16:31:59 [INFO] [35/35] Split [22, 10, 5, 3] | Batch: 16 | Microbatch: 2 | Microbatches: 8
2026-04-10 16:31:59 [INFO] Loading WikiText... (SEQ_LEN=64, BATCH=16)
2026-04-10 16:32:01 [WARNING] '('Connection broken: IncompleteRead(0 bytes read, 65536 more expected)', IncompleteRead(0 bytes read, 65536 more expected))' thrown while requesting GET https://huggingface.co/datasets/wikitext/resolve/b08601e04326c79dfdd32d625aee71d232d685c3/wikitext-2-raw-v1/test-00000-of-00001.parquet
2026-04-10 16:32:01 [WARNING] Retrying in 1s [Retry 1/5].
2026-04-10 16:32:19 [INFO] [Rank 3] Loading weights...
2026-04-10 16:32:20 [INFO] [Rank 3] Weights loaded.
2026-04-10 16:32:23 [INFO] [Rank 2] Loading weights...
2026-04-10 16:32:24 [INFO] [Rank 2] Weights loaded.
2026-04-10 16:32:34 [INFO] [Rank 1] Loading weights...
2026-04-10 16:32:36 [INFO] [Rank 1] Weights loaded.
2026-04-10 16:33:02 [INFO] [Rank 0] Loading weights...
2026-04-10 16:33:07 [INFO] [Rank 0] Weights loaded.
2026-04-10 16:39:05 [INFO] [Rank 2] Finished. Latency: 358414 ms
2026-04-10 16:39:05 [INFO] [Rank 0] Finished. Latency: 358414 ms
2026-04-10 16:39:05 [INFO] [Rank 1] Finished. Latency: 358414 ms
2026-04-10 16:39:05 [INFO] [Rank 3] Finished. Latency: 358424 ms
2026-04-10 16:39:09 [INFO] Total latency:     358414 ms
2026-04-10 16:39:09 [INFO] Peak 5GB memory:   3074 MB
2026-04-10 16:39:09 [INFO] Avg  5GB memory:   2551 MB
2026-04-10 16:39:09 [INFO] --- Best by Latency ---
2026-04-10 16:39:09 [INFO] Split: [22, 10, 4, 4] | Batch: 8 | MB: 4 | Latency: 95573 ms | Peak R2: 4182 MB | Peak R3: 4496 MB
2026-04-10 16:39:09 [INFO] --- Most Memory Efficient (lowest peak 5GB at batch=64) ---
2026-04-10 16:39:09 [INFO] 0 configurations skipped due to OOM
2026-04-10 16:39:09 [INFO] Done.
2026-04-10 16:39:09 [INFO] Benchmark results → mig_benchmark_results.csv
2026-04-10 16:39:09 [INFO] Memory trace      → mig_memory_trace.csv
